0 verbose cli /Users/ffujisaki/.nvm/versions/node/v20.6.0/bin/node /Users/ffujisaki/.nvm/versions/node/v20.6.0/bin/npm
1 info using npm@9.8.1
2 info using node@v20.6.0
3 timing npm:load:whichnode Completed in 1ms
4 timing config:load:defaults Completed in 1ms
5 timing config:load:file:/Users/ffujisaki/.nvm/versions/node/v20.6.0/lib/node_modules/npm/npmrc Completed in 1ms
6 timing config:load:builtin Completed in 1ms
7 timing config:load:cli Completed in 1ms
8 timing config:load:env Completed in 1ms
9 timing config:load:file:/Users/ffujisaki/Dev/vancouver-delay/.npmrc Completed in 0ms
10 timing config:load:project Completed in 2ms
11 timing config:load:file:/Users/ffujisaki/.npmrc Completed in 1ms
12 timing config:load:user Completed in 1ms
13 timing config:load:file:/Users/ffujisaki/.nvm/versions/node/v20.6.0/etc/npmrc Completed in 0ms
14 timing config:load:global Completed in 0ms
15 timing config:load:setEnvs Completed in 0ms
16 timing config:load Completed in 7ms
17 timing npm:load:configload Completed in 7ms
18 timing config:load:flatten Completed in 2ms
19 timing npm:load:mkdirpcache Completed in 0ms
20 timing npm:load:mkdirplogs Completed in 0ms
21 verbose title npm install
22 verbose argv "install" "--cache" "/Users/ffujisaki/Dev/vancouver-delay/.npm-cache" "--no-audit" "--no-fund"
23 timing npm:load:setTitle Completed in 1ms
24 timing npm:load:display Completed in 0ms
25 verbose logfile logs-max:10 dir:/Users/ffujisaki/Dev/vancouver-delay/.npm-cache/_logs/2025-10-30T19_49_15_105Z-
26 verbose logfile /Users/ffujisaki/Dev/vancouver-delay/.npm-cache/_logs/2025-10-30T19_49_15_105Z-debug-0.log
27 timing npm:load:logFile Completed in 5ms
28 timing npm:load:timers Completed in 0ms
29 timing npm:load:configScope Completed in 0ms
30 timing npm:load Completed in 24ms
31 timing arborist:ctor Completed in 1ms
32 silly logfile done cleaning log files
33 timing idealTree:init Completed in 191ms
34 timing idealTree:userRequests Completed in 0ms
35 silly idealTree buildDeps
36 timing idealTree:#root Completed in 0ms
37 timing idealTree:node_modules/@tailwindcss/oxide-wasm32-wasi Completed in 0ms
38 timing idealTree:buildDeps Completed in 1ms
39 timing idealTree:fixDepFlags Completed in 0ms
40 warn EBADENGINE Unsupported engine {
40 warn EBADENGINE   package: 'react-docgen@8.0.1',
40 warn EBADENGINE   required: { node: '^20.9.0 || >=22' },
40 warn EBADENGINE   current: { node: 'v20.6.0', npm: '9.8.1' }
40 warn EBADENGINE }
41 warn EBADENGINE Unsupported engine {
41 warn EBADENGINE   package: 'vite@7.1.9',
41 warn EBADENGINE   required: { node: '^20.19.0 || >=22.12.0' },
41 warn EBADENGINE   current: { node: 'v20.6.0', npm: '9.8.1' }
41 warn EBADENGINE }
42 timing idealTree Completed in 199ms
43 verbose shrinkwrap failed to load node_modules/.package-lock.json out of date, updated: node_modules
44 timing reify:loadTrees Completed in 399ms
45 timing reify:diffTrees Completed in 10ms
46 silly reify mark retired [ '/Users/ffujisaki/Dev/vancouver-delay/node_modules/ajv' ]
47 silly reify mark retired [ '/Users/ffujisaki/Dev/vancouver-delay/node_modules/ajv-keywords' ]
48 silly reify mark retired [ '/Users/ffujisaki/Dev/vancouver-delay/node_modules/aria-query' ]
49 silly reify mark retired [ '/Users/ffujisaki/Dev/vancouver-delay/node_modules/assert' ]
50 silly reify mark retired [ '/Users/ffujisaki/Dev/vancouver-delay/node_modules/ast-types' ]
51 silly reify mark retired [
51 silly reify   '/Users/ffujisaki/Dev/vancouver-delay/node_modules/babel-plugin-polyfill-corejs3'
51 silly reify ]
52 silly reify mark retired [
52 silly reify   '/Users/ffujisaki/Dev/vancouver-delay/node_modules/baseline-browser-mapping'
52 silly reify ]
53 silly reify mark retired [ '/Users/ffujisaki/Dev/vancouver-delay/node_modules/caniuse-lite' ]
54 silly reify mark retired [ '/Users/ffujisaki/Dev/vancouver-delay/node_modules/chai' ]
55 silly reify mark retired [ '/Users/ffujisaki/Dev/vancouver-delay/node_modules/chromatic' ]
56 silly reify mark retired [ '/Users/ffujisaki/Dev/vancouver-delay/node_modules/clean-css' ]
57 silly reify mark retired [ '/Users/ffujisaki/Dev/vancouver-delay/node_modules/core-js-compat' ]
58 silly reify mark retired [ '/Users/ffujisaki/Dev/vancouver-delay/node_modules/core-js-pure' ]
59 silly reify mark retired [
59 silly reify   '/Users/ffujisaki/Dev/vancouver-delay/node_modules/crypto-browserify'
59 silly reify ]
60 silly reify mark retired [ '/Users/ffujisaki/Dev/vancouver-delay/node_modules/css-loader' ]
61 silly reify mark retired [ '/Users/ffujisaki/Dev/vancouver-delay/node_modules/css-select' ]
62 silly reify mark retired [ '/Users/ffujisaki/Dev/vancouver-delay/node_modules/css-what' ]
63 silly reify mark retired [ '/Users/ffujisaki/Dev/vancouver-delay/node_modules/des.js' ]
64 silly reify mark retired [
64 silly reify   '/Users/ffujisaki/Dev/vancouver-delay/node_modules/dom-accessibility-api'
64 silly reify ]
65 silly reify mark retired [ '/Users/ffujisaki/Dev/vancouver-delay/node_modules/elliptic' ]
66 silly reify mark retired [
66 silly reify   '/Users/ffujisaki/Dev/vancouver-delay/node_modules/electron-to-chromium'
66 silly reify ]
67 silly reify mark retired [ '/Users/ffujisaki/Dev/vancouver-delay/node_modules/eslint-scope' ]
68 silly reify mark retired [ '/Users/ffujisaki/Dev/vancouver-delay/node_modules/events' ]
69 silly reify mark retired [ '/Users/ffujisaki/Dev/vancouver-delay/node_modules/fast-uri' ]
70 silly reify mark retired [
70 silly reify   '/Users/ffujisaki/Dev/vancouver-delay/node_modules/fork-ts-checker-webpack-plugin'
70 silly reify ]
71 silly reify mark retired [ '/Users/ffujisaki/Dev/vancouver-delay/node_modules/fs-extra' ]
72 silly reify mark retired [ '/Users/ffujisaki/Dev/vancouver-delay/node_modules/html-entities' ]
73 silly reify mark retired [ '/Users/ffujisaki/Dev/vancouver-delay/node_modules/image-size' ]
74 silly reify mark retired [
74 silly reify   '/Users/ffujisaki/Dev/vancouver-delay/node_modules/istanbul-reports'
74 silly reify ]
75 silly reify mark retired [ '/Users/ffujisaki/Dev/vancouver-delay/node_modules/jest-worker' ]
76 silly reify mark retired [ '/Users/ffujisaki/Dev/vancouver-delay/node_modules/json5' ]
77 silly reify mark retired [
77 silly reify   '/Users/ffujisaki/Dev/vancouver-delay/node_modules/lightningcss-darwin-x64'
77 silly reify ]
78 silly reify mark retired [
78 silly reify   '/Users/ffujisaki/Dev/vancouver-delay/node_modules/lightningcss-linux-arm-gnueabihf'
78 silly reify ]
79 silly reify mark retired [
79 silly reify   '/Users/ffujisaki/Dev/vancouver-delay/node_modules/lightningcss-freebsd-x64'
79 silly reify ]
80 silly reify mark retired [
80 silly reify   '/Users/ffujisaki/Dev/vancouver-delay/node_modules/lightningcss-linux-arm64-musl'
80 silly reify ]
81 silly reify mark retired [
81 silly reify   '/Users/ffujisaki/Dev/vancouver-delay/node_modules/lightningcss-linux-x64-musl'
81 silly reify ]
82 silly reify mark retired [
82 silly reify   '/Users/ffujisaki/Dev/vancouver-delay/node_modules/lightningcss-win32-arm64-msvc'
82 silly reify ]
83 silly reify mark retired [
83 silly reify   '/Users/ffujisaki/Dev/vancouver-delay/node_modules/lightningcss-win32-x64-msvc'
83 silly reify ]
84 silly reify mark retired [ '/Users/ffujisaki/Dev/vancouver-delay/node_modules/loader-utils' ]
85 silly reify mark retired [
85 silly reify   '/Users/ffujisaki/Dev/vancouver-delay/node_modules/lightningcss-linux-arm64-gnu'
85 silly reify ]
86 silly reify mark retired [ '/Users/ffujisaki/Dev/vancouver-delay/node_modules/lodash' ]
87 silly reify mark retired [ '/Users/ffujisaki/Dev/vancouver-delay/node_modules/loupe' ]
88 silly reify mark retired [ '/Users/ffujisaki/Dev/vancouver-delay/node_modules/lz-string' ]
89 silly reify mark retired [ '/Users/ffujisaki/Dev/vancouver-delay/node_modules/magicast' ]
90 silly reify mark retired [
90 silly reify   '/Users/ffujisaki/Dev/vancouver-delay/node_modules/lightningcss-linux-x64-gnu'
90 silly reify ]
91 silly reify mark retired [ '/Users/ffujisaki/Dev/vancouver-delay/node_modules/memfs' ]
92 silly reify mark retired [ '/Users/ffujisaki/Dev/vancouver-delay/node_modules/neo-async' ]
93 silly reify mark retired [ '/Users/ffujisaki/Dev/vancouver-delay/node_modules/pako' ]
94 silly reify mark retired [ '/Users/ffujisaki/Dev/vancouver-delay/node_modules/path-browserify' ]
95 silly reify mark retired [ '/Users/ffujisaki/Dev/vancouver-delay/node_modules/playwright' ]
96 silly reify mark retired [ '/Users/ffujisaki/Dev/vancouver-delay/node_modules/playwright-core' ]
97 silly reify mark retired [
97 silly reify   '/Users/ffujisaki/Dev/vancouver-delay/node_modules/postcss-selector-parser'
97 silly reify ]
98 silly reify mark retired [ '/Users/ffujisaki/Dev/vancouver-delay/node_modules/pretty-error' ]
99 silly reify mark retired [ '/Users/ffujisaki/Dev/vancouver-delay/node_modules/pretty-format' ]
100 silly reify mark retired [ '/Users/ffujisaki/Dev/vancouver-delay/node_modules/prompts' ]
101 silly reify mark retired [ '/Users/ffujisaki/Dev/vancouver-delay/node_modules/qs' ]
102 silly reify mark retired [ '/Users/ffujisaki/Dev/vancouver-delay/node_modules/react-docgen' ]
103 silly reify mark retired [
103 silly reify   '/Users/ffujisaki/Dev/vancouver-delay/node_modules/react-docgen-typescript'
103 silly reify ]
104 silly reify mark retired [ '/Users/ffujisaki/Dev/vancouver-delay/node_modules/readable-stream' ]
105 silly reify mark retired [ '/Users/ffujisaki/Dev/vancouver-delay/node_modules/recast' ]
106 silly reify mark retired [
106 silly reify   '/Users/ffujisaki/Dev/vancouver-delay/node_modules/regenerate-unicode-properties'
106 silly reify ]
107 silly reify mark retired [ '/Users/ffujisaki/Dev/vancouver-delay/node_modules/renderkid' ]
108 silly reify mark retired [ '/Users/ffujisaki/Dev/vancouver-delay/node_modules/rollup' ]
109 silly reify mark retired [ '/Users/ffujisaki/Dev/vancouver-delay/node_modules/schema-utils' ]
110 silly reify mark retired [ '/Users/ffujisaki/Dev/vancouver-delay/node_modules/source-map' ]
111 silly reify mark retired [ '/Users/ffujisaki/Dev/vancouver-delay/node_modules/storybook' ]
112 silly reify mark retired [ '/Users/ffujisaki/Dev/vancouver-delay/node_modules/style-loader' ]
113 silly reify mark retired [ '/Users/ffujisaki/Dev/vancouver-delay/node_modules/tapable' ]
114 silly reify mark retired [ '/Users/ffujisaki/Dev/vancouver-delay/node_modules/terser' ]
115 silly reify mark retired [ '/Users/ffujisaki/Dev/vancouver-delay/node_modules/tsconfig-paths' ]
116 silly reify mark retired [ '/Users/ffujisaki/Dev/vancouver-delay/node_modules/vite-node' ]
117 silly reify mark retired [
117 silly reify   '/Users/ffujisaki/Dev/vancouver-delay/node_modules/vite-plugin-storybook-nextjs'
117 silly reify ]
118 silly reify mark retired [ '/Users/ffujisaki/Dev/vancouver-delay/node_modules/vitest' ]
119 silly reify mark retired [ '/Users/ffujisaki/Dev/vancouver-delay/node_modules/webpack' ]
120 silly reify mark retired [ '/Users/ffujisaki/Dev/vancouver-delay/node_modules/webpack-sources' ]
121 silly reify mark retired [ '/Users/ffujisaki/Dev/vancouver-delay/node_modules/vite' ]
122 silly reify mark retired [ '/Users/ffujisaki/Dev/vancouver-delay/node_modules/ws' ]
123 silly reify mark retired [ '/Users/ffujisaki/Dev/vancouver-delay/node_modules/yaml' ]
124 silly reify mark retired [
124 silly reify   '/Users/ffujisaki/Dev/vancouver-delay/node_modules/@babel/generator'
124 silly reify ]
125 silly reify mark retired [
125 silly reify   '/Users/ffujisaki/Dev/vancouver-delay/node_modules/@babel/helper-compilation-targets'
125 silly reify ]
126 silly reify mark retired [
126 silly reify   '/Users/ffujisaki/Dev/vancouver-delay/node_modules/@babel/helper-create-class-features-plugin'
126 silly reify ]
127 silly reify mark retired [
127 silly reify   '/Users/ffujisaki/Dev/vancouver-delay/node_modules/@babel/helper-define-polyfill-provider'
127 silly reify ]
128 silly reify mark retired [ '/Users/ffujisaki/Dev/vancouver-delay/node_modules/@babel/core' ]
129 silly reify mark retired [
129 silly reify   '/Users/ffujisaki/Dev/vancouver-delay/node_modules/@babel/helper-module-transforms'
129 silly reify ]
130 silly reify mark retired [ '/Users/ffujisaki/Dev/vancouver-delay/node_modules/@babel/parser' ]
131 silly reify mark retired [ '/Users/ffujisaki/Dev/vancouver-delay/node_modules/@babel/helpers' ]
132 silly reify mark retired [
132 silly reify   '/Users/ffujisaki/Dev/vancouver-delay/node_modules/@babel/plugin-transform-block-scoping'
132 silly reify ]
133 silly reify mark retired [
133 silly reify   '/Users/ffujisaki/Dev/vancouver-delay/node_modules/@babel/plugin-transform-parameters'
133 silly reify ]
134 silly reify mark retired [
134 silly reify   '/Users/ffujisaki/Dev/vancouver-delay/node_modules/@babel/plugin-transform-regenerator'
134 silly reify ]
135 silly reify mark retired [
135 silly reify   '/Users/ffujisaki/Dev/vancouver-delay/node_modules/@babel/plugin-transform-runtime'
135 silly reify ]
136 silly reify mark retired [
136 silly reify   '/Users/ffujisaki/Dev/vancouver-delay/node_modules/@babel/plugin-transform-typescript'
136 silly reify ]
137 silly reify mark retired [
137 silly reify   '/Users/ffujisaki/Dev/vancouver-delay/node_modules/@babel/preset-modules'
137 silly reify ]
138 silly reify mark retired [
138 silly reify   '/Users/ffujisaki/Dev/vancouver-delay/node_modules/@babel/preset-env'
138 silly reify ]
139 silly reify mark retired [ '/Users/ffujisaki/Dev/vancouver-delay/node_modules/@babel/runtime' ]
140 silly reify mark retired [ '/Users/ffujisaki/Dev/vancouver-delay/node_modules/@babel/traverse' ]
141 silly reify mark retired [ '/Users/ffujisaki/Dev/vancouver-delay/node_modules/@babel/template' ]
142 silly reify mark retired [ '/Users/ffujisaki/Dev/vancouver-delay/node_modules/@babel/types' ]
143 silly reify mark retired [
143 silly reify   '/Users/ffujisaki/Dev/vancouver-delay/node_modules/@esbuild/android-arm'
143 silly reify ]
144 silly reify mark retired [
144 silly reify   '/Users/ffujisaki/Dev/vancouver-delay/node_modules/@esbuild/android-arm64'
144 silly reify ]
145 silly reify mark retired [
145 silly reify   '/Users/ffujisaki/Dev/vancouver-delay/node_modules/@esbuild/aix-ppc64'
145 silly reify ]
146 silly reify mark retired [
146 silly reify   '/Users/ffujisaki/Dev/vancouver-delay/node_modules/@esbuild/android-x64'
146 silly reify ]
147 silly reify mark retired [
147 silly reify   '/Users/ffujisaki/Dev/vancouver-delay/node_modules/@esbuild/darwin-arm64'
147 silly reify ]
148 silly reify mark retired [
148 silly reify   '/Users/ffujisaki/Dev/vancouver-delay/node_modules/@esbuild/darwin-x64'
148 silly reify ]
149 silly reify mark retired [
149 silly reify   '/Users/ffujisaki/Dev/vancouver-delay/node_modules/@esbuild/freebsd-x64'
149 silly reify ]
150 silly reify mark retired [
150 silly reify   '/Users/ffujisaki/Dev/vancouver-delay/node_modules/@esbuild/freebsd-arm64'
150 silly reify ]
151 silly reify mark retired [
151 silly reify   '/Users/ffujisaki/Dev/vancouver-delay/node_modules/@esbuild/linux-arm64'
151 silly reify ]
152 silly reify mark retired [
152 silly reify   '/Users/ffujisaki/Dev/vancouver-delay/node_modules/@esbuild/linux-mips64el'
152 silly reify ]
153 silly reify mark retired [
153 silly reify   '/Users/ffujisaki/Dev/vancouver-delay/node_modules/@esbuild/linux-loong64'
153 silly reify ]
154 silly reify mark retired [
154 silly reify   '/Users/ffujisaki/Dev/vancouver-delay/node_modules/@esbuild/linux-ia32'
154 silly reify ]
155 silly reify mark retired [
155 silly reify   '/Users/ffujisaki/Dev/vancouver-delay/node_modules/@esbuild/linux-ppc64'
155 silly reify ]
156 silly reify mark retired [
156 silly reify   '/Users/ffujisaki/Dev/vancouver-delay/node_modules/@esbuild/linux-x64'
156 silly reify ]
157 silly reify mark retired [
157 silly reify   '/Users/ffujisaki/Dev/vancouver-delay/node_modules/@esbuild/linux-arm'
157 silly reify ]
158 silly reify mark retired [
158 silly reify   '/Users/ffujisaki/Dev/vancouver-delay/node_modules/@esbuild/linux-s390x'
158 silly reify ]
159 silly reify mark retired [
159 silly reify   '/Users/ffujisaki/Dev/vancouver-delay/node_modules/@esbuild/linux-riscv64'
159 silly reify ]
160 silly reify mark retired [
160 silly reify   '/Users/ffujisaki/Dev/vancouver-delay/node_modules/@esbuild/openbsd-x64'
160 silly reify ]
161 silly reify mark retired [
161 silly reify   '/Users/ffujisaki/Dev/vancouver-delay/node_modules/@esbuild/openbsd-arm64'
161 silly reify ]
162 silly reify mark retired [
162 silly reify   '/Users/ffujisaki/Dev/vancouver-delay/node_modules/@esbuild/netbsd-arm64'
162 silly reify ]
163 silly reify mark retired [
163 silly reify   '/Users/ffujisaki/Dev/vancouver-delay/node_modules/@esbuild/netbsd-x64'
163 silly reify ]
164 silly reify mark retired [
164 silly reify   '/Users/ffujisaki/Dev/vancouver-delay/node_modules/@esbuild/sunos-x64'
164 silly reify ]
165 silly reify mark retired [
165 silly reify   '/Users/ffujisaki/Dev/vancouver-delay/node_modules/@esbuild/win32-arm64'
165 silly reify ]
166 silly reify mark retired [
166 silly reify   '/Users/ffujisaki/Dev/vancouver-delay/node_modules/@esbuild/win32-ia32'
166 silly reify ]
167 silly reify mark retired [
167 silly reify   '/Users/ffujisaki/Dev/vancouver-delay/node_modules/@esbuild/win32-x64'
167 silly reify ]
168 silly reify mark retired [
168 silly reify   '/Users/ffujisaki/Dev/vancouver-delay/node_modules/@esbuild/openharmony-arm64'
168 silly reify ]
169 silly reify mark retired [
169 silly reify   '/Users/ffujisaki/Dev/vancouver-delay/node_modules/@img/sharp-darwin-x64'
169 silly reify ]
170 silly reify mark retired [
170 silly reify   '/Users/ffujisaki/Dev/vancouver-delay/node_modules/@img/sharp-libvips-darwin-x64'
170 silly reify ]
171 silly reify mark retired [
171 silly reify   '/Users/ffujisaki/Dev/vancouver-delay/node_modules/@img/sharp-libvips-linux-arm'
171 silly reify ]
172 silly reify mark retired [
172 silly reify   '/Users/ffujisaki/Dev/vancouver-delay/node_modules/@img/sharp-libvips-linux-arm64'
172 silly reify ]
173 silly reify mark retired [
173 silly reify   '/Users/ffujisaki/Dev/vancouver-delay/node_modules/@img/sharp-libvips-linux-ppc64'
173 silly reify ]
174 silly reify mark retired [
174 silly reify   '/Users/ffujisaki/Dev/vancouver-delay/node_modules/@img/sharp-libvips-linux-s390x'
174 silly reify ]
175 silly reify mark retired [
175 silly reify   '/Users/ffujisaki/Dev/vancouver-delay/node_modules/@img/sharp-libvips-linux-x64'
175 silly reify ]
176 silly reify mark retired [
176 silly reify   '/Users/ffujisaki/Dev/vancouver-delay/node_modules/@img/sharp-libvips-linuxmusl-x64'
176 silly reify ]
177 silly reify mark retired [
177 silly reify   '/Users/ffujisaki/Dev/vancouver-delay/node_modules/@img/sharp-linux-arm'
177 silly reify ]
178 silly reify mark retired [
178 silly reify   '/Users/ffujisaki/Dev/vancouver-delay/node_modules/@img/sharp-libvips-linuxmusl-arm64'
178 silly reify ]
179 silly reify mark retired [
179 silly reify   '/Users/ffujisaki/Dev/vancouver-delay/node_modules/@img/sharp-linux-ppc64'
179 silly reify ]
180 silly reify mark retired [
180 silly reify   '/Users/ffujisaki/Dev/vancouver-delay/node_modules/@img/sharp-linux-arm64'
180 silly reify ]
181 silly reify mark retired [
181 silly reify   '/Users/ffujisaki/Dev/vancouver-delay/node_modules/@img/sharp-linux-s390x'
181 silly reify ]
182 silly reify mark retired [
182 silly reify   '/Users/ffujisaki/Dev/vancouver-delay/node_modules/@img/sharp-linuxmusl-x64'
182 silly reify ]
183 silly reify mark retired [
183 silly reify   '/Users/ffujisaki/Dev/vancouver-delay/node_modules/@img/sharp-linuxmusl-arm64'
183 silly reify ]
184 silly reify mark retired [
184 silly reify   '/Users/ffujisaki/Dev/vancouver-delay/node_modules/@img/sharp-linux-x64'
184 silly reify ]
185 silly reify mark retired [
185 silly reify   '/Users/ffujisaki/Dev/vancouver-delay/node_modules/@img/sharp-win32-arm64'
185 silly reify ]
186 silly reify mark retired [
186 silly reify   '/Users/ffujisaki/Dev/vancouver-delay/node_modules/@img/sharp-win32-ia32'
186 silly reify ]
187 silly reify mark retired [
187 silly reify   '/Users/ffujisaki/Dev/vancouver-delay/node_modules/@img/sharp-win32-x64'
187 silly reify ]
188 silly reify mark retired [
188 silly reify   '/Users/ffujisaki/Dev/vancouver-delay/node_modules/@img/sharp-wasm32'
188 silly reify ]
189 silly reify mark retired [
189 silly reify   '/Users/ffujisaki/Dev/vancouver-delay/node_modules/@next/swc-linux-arm64-gnu'
189 silly reify ]
190 silly reify mark retired [
190 silly reify   '/Users/ffujisaki/Dev/vancouver-delay/node_modules/@next/swc-darwin-x64'
190 silly reify ]
191 silly reify mark retired [
191 silly reify   '/Users/ffujisaki/Dev/vancouver-delay/node_modules/@next/swc-linux-x64-gnu'
191 silly reify ]
192 silly reify mark retired [
192 silly reify   '/Users/ffujisaki/Dev/vancouver-delay/node_modules/@next/swc-linux-arm64-musl'
192 silly reify ]
193 silly reify mark retired [
193 silly reify   '/Users/ffujisaki/Dev/vancouver-delay/node_modules/@next/swc-linux-x64-musl'
193 silly reify ]
194 silly reify mark retired [
194 silly reify   '/Users/ffujisaki/Dev/vancouver-delay/node_modules/@next/swc-win32-arm64-msvc'
194 silly reify ]
195 silly reify mark retired [
195 silly reify   '/Users/ffujisaki/Dev/vancouver-delay/node_modules/@next/swc-win32-x64-msvc'
195 silly reify ]
196 silly reify mark retired [
196 silly reify   '/Users/ffujisaki/Dev/vancouver-delay/node_modules/@rollup/rollup-android-arm-eabi'
196 silly reify ]
197 silly reify mark retired [
197 silly reify   '/Users/ffujisaki/Dev/vancouver-delay/node_modules/@rollup/rollup-android-arm64'
197 silly reify ]
198 silly reify mark retired [
198 silly reify   '/Users/ffujisaki/Dev/vancouver-delay/node_modules/@rollup/rollup-darwin-x64'
198 silly reify ]
199 silly reify mark retired [
199 silly reify   '/Users/ffujisaki/Dev/vancouver-delay/node_modules/@rollup/rollup-freebsd-arm64'
199 silly reify ]
200 silly reify mark retired [
200 silly reify   '/Users/ffujisaki/Dev/vancouver-delay/node_modules/@rollup/rollup-freebsd-x64'
200 silly reify ]
201 silly reify mark retired [
201 silly reify   '/Users/ffujisaki/Dev/vancouver-delay/node_modules/@rollup/rollup-linux-arm-gnueabihf'
201 silly reify ]
202 silly reify mark retired [
202 silly reify   '/Users/ffujisaki/Dev/vancouver-delay/node_modules/@rollup/rollup-linux-arm-musleabihf'
202 silly reify ]
203 silly reify mark retired [
203 silly reify   '/Users/ffujisaki/Dev/vancouver-delay/node_modules/@rollup/rollup-linux-arm64-gnu'
203 silly reify ]
204 silly reify mark retired [
204 silly reify   '/Users/ffujisaki/Dev/vancouver-delay/node_modules/@rollup/rollup-linux-riscv64-gnu'
204 silly reify ]
205 silly reify mark retired [
205 silly reify   '/Users/ffujisaki/Dev/vancouver-delay/node_modules/@rollup/rollup-linux-arm64-musl'
205 silly reify ]
206 silly reify mark retired [
206 silly reify   '/Users/ffujisaki/Dev/vancouver-delay/node_modules/@rollup/rollup-linux-ppc64-gnu'
206 silly reify ]
207 silly reify mark retired [
207 silly reify   '/Users/ffujisaki/Dev/vancouver-delay/node_modules/@rollup/rollup-linux-riscv64-musl'
207 silly reify ]
208 silly reify mark retired [
208 silly reify   '/Users/ffujisaki/Dev/vancouver-delay/node_modules/@rollup/rollup-linux-s390x-gnu'
208 silly reify ]
209 silly reify mark retired [
209 silly reify   '/Users/ffujisaki/Dev/vancouver-delay/node_modules/@rollup/rollup-linux-loong64-gnu'
209 silly reify ]
210 silly reify mark retired [
210 silly reify   '/Users/ffujisaki/Dev/vancouver-delay/node_modules/@rollup/rollup-linux-x64-musl'
210 silly reify ]
211 silly reify mark retired [
211 silly reify   '/Users/ffujisaki/Dev/vancouver-delay/node_modules/@rollup/rollup-linux-x64-gnu'
211 silly reify ]
212 silly reify mark retired [
212 silly reify   '/Users/ffujisaki/Dev/vancouver-delay/node_modules/@rollup/rollup-win32-ia32-msvc'
212 silly reify ]
213 silly reify mark retired [
213 silly reify   '/Users/ffujisaki/Dev/vancouver-delay/node_modules/@rollup/rollup-win32-arm64-msvc'
213 silly reify ]
214 silly reify mark retired [
214 silly reify   '/Users/ffujisaki/Dev/vancouver-delay/node_modules/@rollup/rollup-openharmony-arm64'
214 silly reify ]
215 silly reify mark retired [
215 silly reify   '/Users/ffujisaki/Dev/vancouver-delay/node_modules/@rollup/rollup-win32-x64-gnu'
215 silly reify ]
216 silly reify mark retired [
216 silly reify   '/Users/ffujisaki/Dev/vancouver-delay/node_modules/@storybook/addon-docs'
216 silly reify ]
217 silly reify mark retired [
217 silly reify   '/Users/ffujisaki/Dev/vancouver-delay/node_modules/@storybook/addon-a11y'
217 silly reify ]
218 silly reify mark retired [
218 silly reify   '/Users/ffujisaki/Dev/vancouver-delay/node_modules/@storybook/addon-onboarding'
218 silly reify ]
219 silly reify mark retired [
219 silly reify   '/Users/ffujisaki/Dev/vancouver-delay/node_modules/@storybook/builder-vite'
219 silly reify ]
220 silly reify mark retired [
220 silly reify   '/Users/ffujisaki/Dev/vancouver-delay/node_modules/@storybook/addon-vitest'
220 silly reify ]
221 silly reify mark retired [
221 silly reify   '/Users/ffujisaki/Dev/vancouver-delay/node_modules/@storybook/builder-webpack5'
221 silly reify ]
222 silly reify mark retired [
222 silly reify   '/Users/ffujisaki/Dev/vancouver-delay/node_modules/@storybook/nextjs'
222 silly reify ]
223 silly reify mark retired [
223 silly reify   '/Users/ffujisaki/Dev/vancouver-delay/node_modules/@storybook/icons'
223 silly reify ]
224 silly reify mark retired [
224 silly reify   '/Users/ffujisaki/Dev/vancouver-delay/node_modules/@storybook/nextjs-vite'
224 silly reify ]
225 silly reify mark retired [
225 silly reify   '/Users/ffujisaki/Dev/vancouver-delay/node_modules/@rollup/rollup-win32-x64-msvc'
225 silly reify ]
226 silly reify mark retired [
226 silly reify   '/Users/ffujisaki/Dev/vancouver-delay/node_modules/@storybook/react'
226 silly reify ]
227 silly reify mark retired [
227 silly reify   '/Users/ffujisaki/Dev/vancouver-delay/node_modules/@tailwindcss/oxide-android-arm64'
227 silly reify ]
228 silly reify mark retired [
228 silly reify   '/Users/ffujisaki/Dev/vancouver-delay/node_modules/@tailwindcss/oxide-darwin-x64'
228 silly reify ]
229 silly reify mark retired [
229 silly reify   '/Users/ffujisaki/Dev/vancouver-delay/node_modules/@tailwindcss/oxide-freebsd-x64'
229 silly reify ]
230 silly reify mark retired [
230 silly reify   '/Users/ffujisaki/Dev/vancouver-delay/node_modules/@tailwindcss/oxide-linux-arm-gnueabihf'
230 silly reify ]
231 silly reify mark retired [
231 silly reify   '/Users/ffujisaki/Dev/vancouver-delay/node_modules/@tailwindcss/oxide-linux-arm64-gnu'
231 silly reify ]
232 silly reify mark retired [
232 silly reify   '/Users/ffujisaki/Dev/vancouver-delay/node_modules/@tailwindcss/oxide-linux-arm64-musl'
232 silly reify ]
233 silly reify mark retired [
233 silly reify   '/Users/ffujisaki/Dev/vancouver-delay/node_modules/@tailwindcss/oxide-linux-x64-gnu'
233 silly reify ]
234 silly reify mark retired [
234 silly reify   '/Users/ffujisaki/Dev/vancouver-delay/node_modules/@tailwindcss/oxide-linux-x64-musl'
234 silly reify ]
235 silly reify mark retired [
235 silly reify   '/Users/ffujisaki/Dev/vancouver-delay/node_modules/@tailwindcss/oxide-wasm32-wasi'
235 silly reify ]
236 silly reify mark retired [
236 silly reify   '/Users/ffujisaki/Dev/vancouver-delay/node_modules/@tailwindcss/oxide-win32-arm64-msvc'
236 silly reify ]
237 silly reify mark retired [
237 silly reify   '/Users/ffujisaki/Dev/vancouver-delay/node_modules/@tailwindcss/oxide-win32-x64-msvc'
237 silly reify ]
238 silly reify mark retired [
238 silly reify   '/Users/ffujisaki/Dev/vancouver-delay/node_modules/@testing-library/dom'
238 silly reify ]
239 silly reify mark retired [
239 silly reify   '/Users/ffujisaki/Dev/vancouver-delay/node_modules/@testing-library/user-event'
239 silly reify ]
240 silly reify mark retired [ '/Users/ffujisaki/Dev/vancouver-delay/node_modules/@vitest/browser' ]
241 silly reify mark retired [ '/Users/ffujisaki/Dev/vancouver-delay/node_modules/@vitest/mocker' ]
242 silly reify mark retired [
242 silly reify   '/Users/ffujisaki/Dev/vancouver-delay/node_modules/@webassemblyjs/ast'
242 silly reify ]
243 silly reify mark retired [
243 silly reify   '/Users/ffujisaki/Dev/vancouver-delay/node_modules/@webassemblyjs/wasm-parser'
243 silly reify ]
244 silly reify mark retired [
244 silly reify   '/Users/ffujisaki/Dev/vancouver-delay/node_modules/adjust-sourcemap-loader/node_modules/loader-utils'
244 silly reify ]
245 silly reify mark retired [
245 silly reify   '/Users/ffujisaki/Dev/vancouver-delay/node_modules/ansi-html-community',
245 silly reify   '/Users/ffujisaki/Dev/vancouver-delay/node_modules/.bin/ansi-html'
245 silly reify ]
246 silly reify mark retired [
246 silly reify   '/Users/ffujisaki/Dev/vancouver-delay/node_modules/ansi-html',
246 silly reify   '/Users/ffujisaki/Dev/vancouver-delay/node_modules/.bin/ansi-html'
246 silly reify ]
247 silly reify mark retired [
247 silly reify   '/Users/ffujisaki/Dev/vancouver-delay/node_modules/babel-plugin-polyfill-corejs2/node_modules/semver',
247 silly reify   '/Users/ffujisaki/Dev/vancouver-delay/node_modules/babel-plugin-polyfill-corejs2/node_modules/.bin/semver'
247 silly reify ]
248 silly reify mark retired [
248 silly reify   '/Users/ffujisaki/Dev/vancouver-delay/node_modules/browserify-sign/node_modules/readable-stream'
248 silly reify ]
249 silly reify mark retired [
249 silly reify   '/Users/ffujisaki/Dev/vancouver-delay/node_modules/browserslist',
249 silly reify   '/Users/ffujisaki/Dev/vancouver-delay/node_modules/.bin/browserslist'
249 silly reify ]
250 silly reify mark retired [
250 silly reify   '/Users/ffujisaki/Dev/vancouver-delay/node_modules/cosmiconfig/node_modules/yaml'
250 silly reify ]
251 silly reify mark retired [
251 silly reify   '/Users/ffujisaki/Dev/vancouver-delay/node_modules/cssesc',
251 silly reify   '/Users/ffujisaki/Dev/vancouver-delay/node_modules/.bin/cssesc'
251 silly reify ]
252 silly reify mark retired [
252 silly reify   '/Users/ffujisaki/Dev/vancouver-delay/node_modules/esbuild-register'
252 silly reify ]
253 silly reify mark retired [
253 silly reify   '/Users/ffujisaki/Dev/vancouver-delay/node_modules/esbuild',
253 silly reify   '/Users/ffujisaki/Dev/vancouver-delay/node_modules/.bin/esbuild'
253 silly reify ]
254 silly reify mark retired [
254 silly reify   '/Users/ffujisaki/Dev/vancouver-delay/node_modules/esprima',
254 silly reify   '/Users/ffujisaki/Dev/vancouver-delay/node_modules/.bin/esparse',
254 silly reify   '/Users/ffujisaki/Dev/vancouver-delay/node_modules/.bin/esvalidate'
254 silly reify ]
255 silly reify mark retired [
255 silly reify   '/Users/ffujisaki/Dev/vancouver-delay/node_modules/foreground-child'
255 silly reify ]
256 silly reify mark retired [
256 silly reify   '/Users/ffujisaki/Dev/vancouver-delay/node_modules/he',
256 silly reify   '/Users/ffujisaki/Dev/vancouver-delay/node_modules/.bin/he'
256 silly reify ]
257 silly reify mark retired [
257 silly reify   '/Users/ffujisaki/Dev/vancouver-delay/node_modules/html-minifier-terser',
257 silly reify   '/Users/ffujisaki/Dev/vancouver-delay/node_modules/.bin/html-minifier-terser'
257 silly reify ]
258 silly reify mark retired [
258 silly reify   '/Users/ffujisaki/Dev/vancouver-delay/node_modules/is-docker',
258 silly reify   '/Users/ffujisaki/Dev/vancouver-delay/node_modules/.bin/is-docker'
258 silly reify ]
259 silly reify mark retired [
259 silly reify   '/Users/ffujisaki/Dev/vancouver-delay/node_modules/jsesc',
259 silly reify   '/Users/ffujisaki/Dev/vancouver-delay/node_modules/.bin/jsesc'
259 silly reify ]
260 silly reify mark retired [
260 silly reify   '/Users/ffujisaki/Dev/vancouver-delay/node_modules/make-dir/node_modules/semver',
260 silly reify   '/Users/ffujisaki/Dev/vancouver-delay/node_modules/make-dir/node_modules/.bin/semver'
260 silly reify ]
261 silly reify mark retired [
261 silly reify   '/Users/ffujisaki/Dev/vancouver-delay/node_modules/miller-rabin',
261 silly reify   '/Users/ffujisaki/Dev/vancouver-delay/node_modules/.bin/miller-rabin'
261 silly reify ]
262 silly reify mark retired [
262 silly reify   '/Users/ffujisaki/Dev/vancouver-delay/node_modules/path-scurry/node_modules/lru-cache'
262 silly reify ]
263 silly reify mark retired [
263 silly reify   '/Users/ffujisaki/Dev/vancouver-delay/node_modules/postcss-loader/node_modules/cosmiconfig'
263 silly reify ]
264 silly reify mark retired [
264 silly reify   '/Users/ffujisaki/Dev/vancouver-delay/node_modules/regjsparser',
264 silly reify   '/Users/ffujisaki/Dev/vancouver-delay/node_modules/.bin/regjsparser'
264 silly reify ]
265 silly reify mark retired [
265 silly reify   '/Users/ffujisaki/Dev/vancouver-delay/node_modules/resolve-url-loader/node_modules/loader-utils'
265 silly reify ]
266 silly reify mark retired [
266 silly reify   '/Users/ffujisaki/Dev/vancouver-delay/node_modules/ripemd160/node_modules/readable-stream'
266 silly reify ]
267 silly reify mark retired [
267 silly reify   '/Users/ffujisaki/Dev/vancouver-delay/node_modules/rimraf',
267 silly reify   '/Users/ffujisaki/Dev/vancouver-delay/node_modules/.bin/rimraf'
267 silly reify ]
268 silly reify mark retired [
268 silly reify   '/Users/ffujisaki/Dev/vancouver-delay/node_modules/sha.js',
268 silly reify   '/Users/ffujisaki/Dev/vancouver-delay/node_modules/.bin/sha.js'
268 silly reify ]
269 silly reify mark retired [
269 silly reify   '/Users/ffujisaki/Dev/vancouver-delay/node_modules/stream-browserify/node_modules/readable-stream'
269 silly reify ]
270 silly reify mark retired [
270 silly reify   '/Users/ffujisaki/Dev/vancouver-delay/node_modules/stream-http/node_modules/readable-stream'
270 silly reify ]
271 silly reify mark retired [
271 silly reify   '/Users/ffujisaki/Dev/vancouver-delay/node_modules/test-exclude/node_modules/glob'
271 silly reify ]
272 silly reify mark retired [
272 silly reify   '/Users/ffujisaki/Dev/vancouver-delay/node_modules/test-exclude/node_modules/minimatch'
272 silly reify ]
273 silly reify mark retired [
273 silly reify   '/Users/ffujisaki/Dev/vancouver-delay/node_modules/tsconfck',
273 silly reify   '/Users/ffujisaki/Dev/vancouver-delay/node_modules/.bin/tsconfck'
273 silly reify ]
274 silly reify mark retired [
274 silly reify   '/Users/ffujisaki/Dev/vancouver-delay/node_modules/why-is-node-running',
274 silly reify   '/Users/ffujisaki/Dev/vancouver-delay/node_modules/.bin/why-is-node-running'
274 silly reify ]
275 silly reify mark retired [
275 silly reify   '/Users/ffujisaki/Dev/vancouver-delay/node_modules/@babel/compat-data'
275 silly reify ]
276 silly reify mark retired [
276 silly reify   '/Users/ffujisaki/Dev/vancouver-delay/node_modules/@babel/helper-create-regexp-features-plugin/node_modules/semver',
276 silly reify   '/Users/ffujisaki/Dev/vancouver-delay/node_modules/@babel/helper-create-regexp-features-plugin/node_modules/.bin/semver'
276 silly reify ]
277 silly reify mark retired [
277 silly reify   '/Users/ffujisaki/Dev/vancouver-delay/node_modules/@joshwooding/vite-plugin-react-docgen-typescript/node_modules/minimatch'
277 silly reify ]
278 silly reify mark retired [
278 silly reify   '/Users/ffujisaki/Dev/vancouver-delay/node_modules/@joshwooding/vite-plugin-react-docgen-typescript/node_modules/glob'
278 silly reify ]
279 silly reify mark retired [
279 silly reify   '/Users/ffujisaki/Dev/vancouver-delay/node_modules/@rollup/pluginutils'
279 silly reify ]
280 silly reify mark retired [
280 silly reify   '/Users/ffujisaki/Dev/vancouver-delay/node_modules/@pmmmwh/react-refresh-webpack-plugin/node_modules/loader-utils'
280 silly reify ]
281 silly reify mark retired [
281 silly reify   '/Users/ffujisaki/Dev/vancouver-delay/node_modules/@storybook/react-vite/node_modules/react-docgen'
281 silly reify ]
282 silly reify mark retired [
282 silly reify   '/Users/ffujisaki/Dev/vancouver-delay/node_modules/@testing-library/jest-dom/node_modules/dom-accessibility-api'
282 silly reify ]
283 silly reify mark retired [ '/Users/ffujisaki/Dev/vancouver-delay/node_modules/@vitest/utils' ]
284 silly reify moves {
284 silly reify   '/Users/ffujisaki/Dev/vancouver-delay/node_modules/ajv': '/Users/ffujisaki/Dev/vancouver-delay/node_modules/.ajv-6SzxbB0i',
284 silly reify   '/Users/ffujisaki/Dev/vancouver-delay/node_modules/ajv-keywords': '/Users/ffujisaki/Dev/vancouver-delay/node_modules/.ajv-keywords-XVXjKstc',
284 silly reify   '/Users/ffujisaki/Dev/vancouver-delay/node_modules/aria-query': '/Users/ffujisaki/Dev/vancouver-delay/node_modules/.aria-query-QUnsOv62',
284 silly reify   '/Users/ffujisaki/Dev/vancouver-delay/node_modules/assert': '/Users/ffujisaki/Dev/vancouver-delay/node_modules/.assert-FEjSSWfp',
284 silly reify   '/Users/ffujisaki/Dev/vancouver-delay/node_modules/ast-types': '/Users/ffujisaki/Dev/vancouver-delay/node_modules/.ast-types-5abVCgYV',
284 silly reify   '/Users/ffujisaki/Dev/vancouver-delay/node_modules/babel-plugin-polyfill-corejs3': '/Users/ffujisaki/Dev/vancouver-delay/node_modules/.babel-plugin-polyfill-corejs3-P6vJo7vA',
284 silly reify   '/Users/ffujisaki/Dev/vancouver-delay/node_modules/baseline-browser-mapping': '/Users/ffujisaki/Dev/vancouver-delay/node_modules/.baseline-browser-mapping-GsNkldJ4',
284 silly reify   '/Users/ffujisaki/Dev/vancouver-delay/node_modules/caniuse-lite': '/Users/ffujisaki/Dev/vancouver-delay/node_modules/.caniuse-lite-pvs7vfop',
284 silly reify   '/Users/ffujisaki/Dev/vancouver-delay/node_modules/chai': '/Users/ffujisaki/Dev/vancouver-delay/node_modules/.chai-oUOwTfkS',
284 silly reify   '/Users/ffujisaki/Dev/vancouver-delay/node_modules/chromatic': '/Users/ffujisaki/Dev/vancouver-delay/node_modules/.chromatic-tppMSqfQ',
284 silly reify   '/Users/ffujisaki/Dev/vancouver-delay/node_modules/clean-css': '/Users/ffujisaki/Dev/vancouver-delay/node_modules/.clean-css-EcR9pznC',
284 silly reify   '/Users/ffujisaki/Dev/vancouver-delay/node_modules/core-js-compat': '/Users/ffujisaki/Dev/vancouver-delay/node_modules/.core-js-compat-3Vz4PdJf',
284 silly reify   '/Users/ffujisaki/Dev/vancouver-delay/node_modules/core-js-pure': '/Users/ffujisaki/Dev/vancouver-delay/node_modules/.core-js-pure-2BFBR1kl',
284 silly reify   '/Users/ffujisaki/Dev/vancouver-delay/node_modules/crypto-browserify': '/Users/ffujisaki/Dev/vancouver-delay/node_modules/.crypto-browserify-wIq6Rbia',
284 silly reify   '/Users/ffujisaki/Dev/vancouver-delay/node_modules/css-loader': '/Users/ffujisaki/Dev/vancouver-delay/node_modules/.css-loader-At82gg4a',
284 silly reify   '/Users/ffujisaki/Dev/vancouver-delay/node_modules/css-select': '/Users/ffujisaki/Dev/vancouver-delay/node_modules/.css-select-t9wWXJnk',
284 silly reify   '/Users/ffujisaki/Dev/vancouver-delay/node_modules/css-what': '/Users/ffujisaki/Dev/vancouver-delay/node_modules/.css-what-00U7Zpw3',
284 silly reify   '/Users/ffujisaki/Dev/vancouver-delay/node_modules/des.js': '/Users/ffujisaki/Dev/vancouver-delay/node_modules/.des.js-kXBjPDZV',
284 silly reify   '/Users/ffujisaki/Dev/vancouver-delay/node_modules/dom-accessibility-api': '/Users/ffujisaki/Dev/vancouver-delay/node_modules/.dom-accessibility-api-vitX5YFC',
284 silly reify   '/Users/ffujisaki/Dev/vancouver-delay/node_modules/elliptic': '/Users/ffujisaki/Dev/vancouver-delay/node_modules/.elliptic-edavwyWC',
284 silly reify   '/Users/ffujisaki/Dev/vancouver-delay/node_modules/electron-to-chromium': '/Users/ffujisaki/Dev/vancouver-delay/node_modules/.electron-to-chromium-KSpbbbAG',
284 silly reify   '/Users/ffujisaki/Dev/vancouver-delay/node_modules/eslint-scope': '/Users/ffujisaki/Dev/vancouver-delay/node_modules/.eslint-scope-u2nyl14a',
284 silly reify   '/Users/ffujisaki/Dev/vancouver-delay/node_modules/events': '/Users/ffujisaki/Dev/vancouver-delay/node_modules/.events-McwMQuPd',
284 silly reify   '/Users/ffujisaki/Dev/vancouver-delay/node_modules/fast-uri': '/Users/ffujisaki/Dev/vancouver-delay/node_modules/.fast-uri-eBQCyzaf',
284 silly reify   '/Users/ffujisaki/Dev/vancouver-delay/node_modules/fork-ts-checker-webpack-plugin': '/Users/ffujisaki/Dev/vancouver-delay/node_modules/.fork-ts-checker-webpack-plugin-Uo2DmubY',
284 silly reify   '/Users/ffujisaki/Dev/vancouver-delay/node_modules/fs-extra': '/Users/ffujisaki/Dev/vancouver-delay/node_modules/.fs-extra-wdLhUiB8',
284 silly reify   '/Users/ffujisaki/Dev/vancouver-delay/node_modules/html-entities': '/Users/ffujisaki/Dev/vancouver-delay/node_modules/.html-entities-lNErHLMR',
284 silly reify   '/Users/ffujisaki/Dev/vancouver-delay/node_modules/image-size': '/Users/ffujisaki/Dev/vancouver-delay/node_modules/.image-size-loEuEyfh',
284 silly reify   '/Users/ffujisaki/Dev/vancouver-delay/node_modules/istanbul-reports': '/Users/ffujisaki/Dev/vancouver-delay/node_modules/.istanbul-reports-xikmhPr9',
284 silly reify   '/Users/ffujisaki/Dev/vancouver-delay/node_modules/jest-worker': '/Users/ffujisaki/Dev/vancouver-delay/node_modules/.jest-worker-lU6ZKYUC',
284 silly reify   '/Users/ffujisaki/Dev/vancouver-delay/node_modules/json5': '/Users/ffujisaki/Dev/vancouver-delay/node_modules/.json5-X8FRgzb7',
284 silly reify   '/Users/ffujisaki/Dev/vancouver-delay/node_modules/lightningcss-darwin-x64': '/Users/ffujisaki/Dev/vancouver-delay/node_modules/.lightningcss-darwin-x64-PDnJjGPW',
284 silly reify   '/Users/ffujisaki/Dev/vancouver-delay/node_modules/lightningcss-linux-arm-gnueabihf': '/Users/ffujisaki/Dev/vancouver-delay/node_modules/.lightningcss-linux-arm-gnueabihf-WfxfLefN',
284 silly reify   '/Users/ffujisaki/Dev/vancouver-delay/node_modules/lightningcss-freebsd-x64': '/Users/ffujisaki/Dev/vancouver-delay/node_modules/.lightningcss-freebsd-x64-3cPZdR00',
284 silly reify   '/Users/ffujisaki/Dev/vancouver-delay/node_modules/lightningcss-linux-arm64-musl': '/Users/ffujisaki/Dev/vancouver-delay/node_modules/.lightningcss-linux-arm64-musl-tStSp8Fl',
284 silly reify   '/Users/ffujisaki/Dev/vancouver-delay/node_modules/lightningcss-linux-x64-musl': '/Users/ffujisaki/Dev/vancouver-delay/node_modules/.lightningcss-linux-x64-musl-BFo2o2CE',
284 silly reify   '/Users/ffujisaki/Dev/vancouver-delay/node_modules/lightningcss-win32-arm64-msvc': '/Users/ffujisaki/Dev/vancouver-delay/node_modules/.lightningcss-win32-arm64-msvc-ZESvsUQc',
284 silly reify   '/Users/ffujisaki/Dev/vancouver-delay/node_modules/lightningcss-win32-x64-msvc': '/Users/ffujisaki/Dev/vancouver-delay/node_modules/.lightningcss-win32-x64-msvc-dg4XvqOL',
284 silly reify   '/Users/ffujisaki/Dev/vancouver-delay/node_modules/loader-utils': '/Users/ffujisaki/Dev/vancouver-delay/node_modules/.loader-utils-ZBNqzhjJ',
284 silly reify   '/Users/ffujisaki/Dev/vancouver-delay/node_modules/lightningcss-linux-arm64-gnu': '/Users/ffujisaki/Dev/vancouver-delay/node_modules/.lightningcss-linux-arm64-gnu-JrpeswRd',
284 silly reify   '/Users/ffujisaki/Dev/vancouver-delay/node_modules/lodash': '/Users/ffujisaki/Dev/vancouver-delay/node_modules/.lodash-8mPXNHKV',
284 silly reify   '/Users/ffujisaki/Dev/vancouver-delay/node_modules/loupe': '/Users/ffujisaki/Dev/vancouver-delay/node_modules/.loupe-VbUBhVOq',
284 silly reify   '/Users/ffujisaki/Dev/vancouver-delay/node_modules/lz-string': '/Users/ffujisaki/Dev/vancouver-delay/node_modules/.lz-string-PHC72Mmh',
284 silly reify   '/Users/ffujisaki/Dev/vancouver-delay/node_modules/magicast': '/Users/ffujisaki/Dev/vancouver-delay/node_modules/.magicast-J65rLTdg',
284 silly reify   '/Users/ffujisaki/Dev/vancouver-delay/node_modules/lightningcss-linux-x64-gnu': '/Users/ffujisaki/Dev/vancouver-delay/node_modules/.lightningcss-linux-x64-gnu-UL5vtW07',
284 silly reify   '/Users/ffujisaki/Dev/vancouver-delay/node_modules/memfs': '/Users/ffujisaki/Dev/vancouver-delay/node_modules/.memfs-sZx7PupF',
284 silly reify   '/Users/ffujisaki/Dev/vancouver-delay/node_modules/neo-async': '/Users/ffujisaki/Dev/vancouver-delay/node_modules/.neo-async-Nt0cdgml',
284 silly reify   '/Users/ffujisaki/Dev/vancouver-delay/node_modules/pako': '/Users/ffujisaki/Dev/vancouver-delay/node_modules/.pako-7B2DFu5B',
284 silly reify   '/Users/ffujisaki/Dev/vancouver-delay/node_modules/path-browserify': '/Users/ffujisaki/Dev/vancouver-delay/node_modules/.path-browserify-C60TEPW0',
284 silly reify   '/Users/ffujisaki/Dev/vancouver-delay/node_modules/playwright': '/Users/ffujisaki/Dev/vancouver-delay/node_modules/.playwright-Shb27yAD',
284 silly reify   '/Users/ffujisaki/Dev/vancouver-delay/node_modules/playwright-core': '/Users/ffujisaki/Dev/vancouver-delay/node_modules/.playwright-core-QsCdaD3E',
284 silly reify   '/Users/ffujisaki/Dev/vancouver-delay/node_modules/postcss-selector-parser': '/Users/ffujisaki/Dev/vancouver-delay/node_modules/.postcss-selector-parser-wCkO8E96',
284 silly reify   '/Users/ffujisaki/Dev/vancouver-delay/node_modules/pretty-error': '/Users/ffujisaki/Dev/vancouver-delay/node_modules/.pretty-error-9E6vZTIN',
284 silly reify   '/Users/ffujisaki/Dev/vancouver-delay/node_modules/pretty-format': '/Users/ffujisaki/Dev/vancouver-delay/node_modules/.pretty-format-wYGPf9tN',
284 silly reify   '/Users/ffujisaki/Dev/vancouver-delay/node_modules/prompts': '/Users/ffujisaki/Dev/vancouver-delay/node_modules/.prompts-wmpQUCAu',
284 silly reify   '/Users/ffujisaki/Dev/vancouver-delay/node_modules/qs': '/Users/ffujisaki/Dev/vancouver-delay/node_modules/.qs-LKbJKLyF',
284 silly reify   '/Users/ffujisaki/Dev/vancouver-delay/node_modules/react-docgen': '/Users/ffujisaki/Dev/vancouver-delay/node_modules/.react-docgen-qn3JZljO',
284 silly reify   '/Users/ffujisaki/Dev/vancouver-delay/node_modules/react-docgen-typescript': '/Users/ffujisaki/Dev/vancouver-delay/node_modules/.react-docgen-typescript-IJf4n2HW',
284 silly reify   '/Users/ffujisaki/Dev/vancouver-delay/node_modules/readable-stream': '/Users/ffujisaki/Dev/vancouver-delay/node_modules/.readable-stream-ANuxlzlD',
284 silly reify   '/Users/ffujisaki/Dev/vancouver-delay/node_modules/recast': '/Users/ffujisaki/Dev/vancouver-delay/node_modules/.recast-geO0qPad',
284 silly reify   '/Users/ffujisaki/Dev/vancouver-delay/node_modules/regenerate-unicode-properties': '/Users/ffujisaki/Dev/vancouver-delay/node_modules/.regenerate-unicode-properties-yLWbhzza',
284 silly reify   '/Users/ffujisaki/Dev/vancouver-delay/node_modules/renderkid': '/Users/ffujisaki/Dev/vancouver-delay/node_modules/.renderkid-YOr1rpq1',
284 silly reify   '/Users/ffujisaki/Dev/vancouver-delay/node_modules/rollup': '/Users/ffujisaki/Dev/vancouver-delay/node_modules/.rollup-qmomioi1',
284 silly reify   '/Users/ffujisaki/Dev/vancouver-delay/node_modules/schema-utils': '/Users/ffujisaki/Dev/vancouver-delay/node_modules/.schema-utils-5NHEbirE',
284 silly reify   '/Users/ffujisaki/Dev/vancouver-delay/node_modules/source-map': '/Users/ffujisaki/Dev/vancouver-delay/node_modules/.source-map-N1NJFx0C',
284 silly reify   '/Users/ffujisaki/Dev/vancouver-delay/node_modules/storybook': '/Users/ffujisaki/Dev/vancouver-delay/node_modules/.storybook-4OfIEwlR',
284 silly reify   '/Users/ffujisaki/Dev/vancouver-delay/node_modules/style-loader': '/Users/ffujisaki/Dev/vancouver-delay/node_modules/.style-loader-yOtmlde5',
284 silly reify   '/Users/ffujisaki/Dev/vancouver-delay/node_modules/tapable': '/Users/ffujisaki/Dev/vancouver-delay/node_modules/.tapable-tmDMCqv6',
284 silly reify   '/Users/ffujisaki/Dev/vancouver-delay/node_modules/terser': '/Users/ffujisaki/Dev/vancouver-delay/node_modules/.terser-tC1cARGn',
284 silly reify   '/Users/ffujisaki/Dev/vancouver-delay/node_modules/tsconfig-paths': '/Users/ffujisaki/Dev/vancouver-delay/node_modules/.tsconfig-paths-R6KzEJLe',
284 silly reify   '/Users/ffujisaki/Dev/vancouver-delay/node_modules/vite-node': '/Users/ffujisaki/Dev/vancouver-delay/node_modules/.vite-node-n96yA9dF',
284 silly reify   '/Users/ffujisaki/Dev/vancouver-delay/node_modules/vite-plugin-storybook-nextjs': '/Users/ffujisaki/Dev/vancouver-delay/node_modules/.vite-plugin-storybook-nextjs-TynHbs2R',
284 silly reify   '/Users/ffujisaki/Dev/vancouver-delay/node_modules/vitest': '/Users/ffujisaki/Dev/vancouver-delay/node_modules/.vitest-4pQBB28T',
284 silly reify   '/Users/ffujisaki/Dev/vancouver-delay/node_modules/webpack': '/Users/ffujisaki/Dev/vancouver-delay/node_modules/.webpack-yYjJXiKZ',
284 silly reify   '/Users/ffujisaki/Dev/vancouver-delay/node_modules/webpack-sources': '/Users/ffujisaki/Dev/vancouver-delay/node_modules/.webpack-sources-I9H037VS',
284 silly reify   '/Users/ffujisaki/Dev/vancouver-delay/node_modules/vite': '/Users/ffujisaki/Dev/vancouver-delay/node_modules/.vite-WhsK1xbo',
284 silly reify   '/Users/ffujisaki/Dev/vancouver-delay/node_modules/ws': '/Users/ffujisaki/Dev/vancouver-delay/node_modules/.ws-o58OqN7m',
284 silly reify   '/Users/ffujisaki/Dev/vancouver-delay/node_modules/yaml': '/Users/ffujisaki/Dev/vancouver-delay/node_modules/.yaml-aaTbGi6O',
284 silly reify   '/Users/ffujisaki/Dev/vancouver-delay/node_modules/@babel/generator': '/Users/ffujisaki/Dev/vancouver-delay/node_modules/@babel/.generator-23cc60YB',
284 silly reify   '/Users/ffujisaki/Dev/vancouver-delay/node_modules/@babel/helper-compilation-targets': '/Users/ffujisaki/Dev/vancouver-delay/node_modules/@babel/.helper-compilation-targets-RX3cTRXs',
284 silly reify   '/Users/ffujisaki/Dev/vancouver-delay/node_modules/@babel/helper-create-class-features-plugin': '/Users/ffujisaki/Dev/vancouver-delay/node_modules/@babel/.helper-create-class-features-plugin-pFQyIi0T',
284 silly reify   '/Users/ffujisaki/Dev/vancouver-delay/node_modules/@babel/helper-define-polyfill-provider': '/Users/ffujisaki/Dev/vancouver-delay/node_modules/@babel/.helper-define-polyfill-provider-iIwGYGhB',
284 silly reify   '/Users/ffujisaki/Dev/vancouver-delay/node_modules/@babel/core': '/Users/ffujisaki/Dev/vancouver-delay/node_modules/@babel/.core-Kg31ugsM',
284 silly reify   '/Users/ffujisaki/Dev/vancouver-delay/node_modules/@babel/helper-module-transforms': '/Users/ffujisaki/Dev/vancouver-delay/node_modules/@babel/.helper-module-transforms-dkmH6TyA',
284 silly reify   '/Users/ffujisaki/Dev/vancouver-delay/node_modules/@babel/parser': '/Users/ffujisaki/Dev/vancouver-delay/node_modules/@babel/.parser-zlYXnUuU',
284 silly reify   '/Users/ffujisaki/Dev/vancouver-delay/node_modules/@babel/helpers': '/Users/ffujisaki/Dev/vancouver-delay/node_modules/@babel/.helpers-BvuOJM2t',
284 silly reify   '/Users/ffujisaki/Dev/vancouver-delay/node_modules/@babel/plugin-transform-block-scoping': '/Users/ffujisaki/Dev/vancouver-delay/node_modules/@babel/.plugin-transform-block-scoping-bJ8g6PZk',
284 silly reify   '/Users/ffujisaki/Dev/vancouver-delay/node_modules/@babel/plugin-transform-parameters': '/Users/ffujisaki/Dev/vancouver-delay/node_modules/@babel/.plugin-transform-parameters-Cn5xEB3T',
284 silly reify   '/Users/ffujisaki/Dev/vancouver-delay/node_modules/@babel/plugin-transform-regenerator': '/Users/ffujisaki/Dev/vancouver-delay/node_modules/@babel/.plugin-transform-regenerator-zEWM6qc6',
284 silly reify   '/Users/ffujisaki/Dev/vancouver-delay/node_modules/@babel/plugin-transform-runtime': '/Users/ffujisaki/Dev/vancouver-delay/node_modules/@babel/.plugin-transform-runtime-sQPcUdw3',
284 silly reify   '/Users/ffujisaki/Dev/vancouver-delay/node_modules/@babel/plugin-transform-typescript': '/Users/ffujisaki/Dev/vancouver-delay/node_modules/@babel/.plugin-transform-typescript-y4RujmfT',
284 silly reify   '/Users/ffujisaki/Dev/vancouver-delay/node_modules/@babel/preset-modules': '/Users/ffujisaki/Dev/vancouver-delay/node_modules/@babel/.preset-modules-oJWC8fbg',
284 silly reify   '/Users/ffujisaki/Dev/vancouver-delay/node_modules/@babel/preset-env': '/Users/ffujisaki/Dev/vancouver-delay/node_modules/@babel/.preset-env-ECYQWCJR',
284 silly reify   '/Users/ffujisaki/Dev/vancouver-delay/node_modules/@babel/runtime': '/Users/ffujisaki/Dev/vancouver-delay/node_modules/@babel/.runtime-o6VtcZus',
284 silly reify   '/Users/ffujisaki/Dev/vancouver-delay/node_modules/@babel/traverse': '/Users/ffujisaki/Dev/vancouver-delay/node_modules/@babel/.traverse-iDgwN5xS',
284 silly reify   '/Users/ffujisaki/Dev/vancouver-delay/node_modules/@babel/template': '/Users/ffujisaki/Dev/vancouver-delay/node_modules/@babel/.template-8VGOWB5q',
284 silly reify   '/Users/ffujisaki/Dev/vancouver-delay/node_modules/@babel/types': '/Users/ffujisaki/Dev/vancouver-delay/node_modules/@babel/.types-sMidS01z',
284 silly reify   '/Users/ffujisaki/Dev/vancouver-delay/node_modules/@esbuild/android-arm': '/Users/ffujisaki/Dev/vancouver-delay/node_modules/@esbuild/.android-arm-hpBWSPr5',
284 silly reify   '/Users/ffujisaki/Dev/vancouver-delay/node_modules/@esbuild/android-arm64': '/Users/ffujisaki/Dev/vancouver-delay/node_modules/@esbuild/.android-arm64-w4lxms0L',
284 silly reify   '/Users/ffujisaki/Dev/vancouver-delay/node_modules/@esbuild/aix-ppc64': '/Users/ffujisaki/Dev/vancouver-delay/node_modules/@esbuild/.aix-ppc64-QtJkp3Mb',
284 silly reify   '/Users/ffujisaki/Dev/vancouver-delay/node_modules/@esbuild/android-x64': '/Users/ffujisaki/Dev/vancouver-delay/node_modules/@esbuild/.android-x64-uyZNhSqn',
284 silly reify   '/Users/ffujisaki/Dev/vancouver-delay/node_modules/@esbuild/darwin-arm64': '/Users/ffujisaki/Dev/vancouver-delay/node_modules/@esbuild/.darwin-arm64-QoH1PSeR',
284 silly reify   '/Users/ffujisaki/Dev/vancouver-delay/node_modules/@esbuild/darwin-x64': '/Users/ffujisaki/Dev/vancouver-delay/node_modules/@esbuild/.darwin-x64-Qn0542EG',
284 silly reify   '/Users/ffujisaki/Dev/vancouver-delay/node_modules/@esbuild/freebsd-x64': '/Users/ffujisaki/Dev/vancouver-delay/node_modules/@esbuild/.freebsd-x64-8TRKCf7B',
284 silly reify   '/Users/ffujisaki/Dev/vancouver-delay/node_modules/@esbuild/freebsd-arm64': '/Users/ffujisaki/Dev/vancouver-delay/node_modules/@esbuild/.freebsd-arm64-rYAbXvob',
284 silly reify   '/Users/ffujisaki/Dev/vancouver-delay/node_modules/@esbuild/linux-arm64': '/Users/ffujisaki/Dev/vancouver-delay/node_modules/@esbuild/.linux-arm64-FaxAfPii',
284 silly reify   '/Users/ffujisaki/Dev/vancouver-delay/node_modules/@esbuild/linux-mips64el': '/Users/ffujisaki/Dev/vancouver-delay/node_modules/@esbuild/.linux-mips64el-Jmsqajhz',
284 silly reify   '/Users/ffujisaki/Dev/vancouver-delay/node_modules/@esbuild/linux-loong64': '/Users/ffujisaki/Dev/vancouver-delay/node_modules/@esbuild/.linux-loong64-YhwRQkDe',
284 silly reify   '/Users/ffujisaki/Dev/vancouver-delay/node_modules/@esbuild/linux-ia32': '/Users/ffujisaki/Dev/vancouver-delay/node_modules/@esbuild/.linux-ia32-9oZL1rdn',
284 silly reify   '/Users/ffujisaki/Dev/vancouver-delay/node_modules/@esbuild/linux-ppc64': '/Users/ffujisaki/Dev/vancouver-delay/node_modules/@esbuild/.linux-ppc64-dA4ou4hk',
284 silly reify   '/Users/ffujisaki/Dev/vancouver-delay/node_modules/@esbuild/linux-x64': '/Users/ffujisaki/Dev/vancouver-delay/node_modules/@esbuild/.linux-x64-Vh7NhuU9',
284 silly reify   '/Users/ffujisaki/Dev/vancouver-delay/node_modules/@esbuild/linux-arm': '/Users/ffujisaki/Dev/vancouver-delay/node_modules/@esbuild/.linux-arm-j5dyZxFT',
284 silly reify   '/Users/ffujisaki/Dev/vancouver-delay/node_modules/@esbuild/linux-s390x': '/Users/ffujisaki/Dev/vancouver-delay/node_modules/@esbuild/.linux-s390x-8zbmGz2E',
284 silly reify   '/Users/ffujisaki/Dev/vancouver-delay/node_modules/@esbuild/linux-riscv64': '/Users/ffujisaki/Dev/vancouver-delay/node_modules/@esbuild/.linux-riscv64-3UTTAvkN',
284 silly reify   '/Users/ffujisaki/Dev/vancouver-delay/node_modules/@esbuild/openbsd-x64': '/Users/ffujisaki/Dev/vancouver-delay/node_modules/@esbuild/.openbsd-x64-hdjiLMLC',
284 silly reify   '/Users/ffujisaki/Dev/vancouver-delay/node_modules/@esbuild/openbsd-arm64': '/Users/ffujisaki/Dev/vancouver-delay/node_modules/@esbuild/.openbsd-arm64-HfYvRD7d',
284 silly reify   '/Users/ffujisaki/Dev/vancouver-delay/node_modules/@esbuild/netbsd-arm64': '/Users/ffujisaki/Dev/vancouver-delay/node_modules/@esbuild/.netbsd-arm64-ZMxqqI9g',
284 silly reify   '/Users/ffujisaki/Dev/vancouver-delay/node_modules/@esbuild/netbsd-x64': '/Users/ffujisaki/Dev/vancouver-delay/node_modules/@esbuild/.netbsd-x64-pmTdwd2n',
284 silly reify   '/Users/ffujisaki/Dev/vancouver-delay/node_modules/@esbuild/sunos-x64': '/Users/ffujisaki/Dev/vancouver-delay/node_modules/@esbuild/.sunos-x64-09QSNHBw',
284 silly reify   '/Users/ffujisaki/Dev/vancouver-delay/node_modules/@esbuild/win32-arm64': '/Users/ffujisaki/Dev/vancouver-delay/node_modules/@esbuild/.win32-arm64-hXg4wywG',
284 silly reify   '/Users/ffujisaki/Dev/vancouver-delay/node_modules/@esbuild/win32-ia32': '/Users/ffujisaki/Dev/vancouver-delay/node_modules/@esbuild/.win32-ia32-OiQU1Hbd',
284 silly reify   '/Users/ffujisaki/Dev/vancouver-delay/node_modules/@esbuild/win32-x64': '/Users/ffujisaki/Dev/vancouver-delay/node_modules/@esbuild/.win32-x64-W0e9NJZ8',
284 silly reify   '/Users/ffujisaki/Dev/vancouver-delay/node_modules/@esbuild/openharmony-arm64': '/Users/ffujisaki/Dev/vancouver-delay/node_modules/@esbuild/.openharmony-arm64-FReOOtHG',
284 silly reify   '/Users/ffujisaki/Dev/vancouver-delay/node_modules/@img/sharp-darwin-x64': '/Users/ffujisaki/Dev/vancouver-delay/node_modules/@img/.sharp-darwin-x64-0kebmDK0',
284 silly reify   '/Users/ffujisaki/Dev/vancouver-delay/node_modules/@img/sharp-libvips-darwin-x64': '/Users/ffujisaki/Dev/vancouver-delay/node_modules/@img/.sharp-libvips-darwin-x64-tMvXcOcn',
284 silly reify   '/Users/ffujisaki/Dev/vancouver-delay/node_modules/@img/sharp-libvips-linux-arm': '/Users/ffujisaki/Dev/vancouver-delay/node_modules/@img/.sharp-libvips-linux-arm-Mp9KlCAU',
284 silly reify   '/Users/ffujisaki/Dev/vancouver-delay/node_modules/@img/sharp-libvips-linux-arm64': '/Users/ffujisaki/Dev/vancouver-delay/node_modules/@img/.sharp-libvips-linux-arm64-Bdr1CgjZ',
284 silly reify   '/Users/ffujisaki/Dev/vancouver-delay/node_modules/@img/sharp-libvips-linux-ppc64': '/Users/ffujisaki/Dev/vancouver-delay/node_modules/@img/.sharp-libvips-linux-ppc64-AODz4lGO',
284 silly reify   '/Users/ffujisaki/Dev/vancouver-delay/node_modules/@img/sharp-libvips-linux-s390x': '/Users/ffujisaki/Dev/vancouver-delay/node_modules/@img/.sharp-libvips-linux-s390x-pWoKa4H3',
284 silly reify   '/Users/ffujisaki/Dev/vancouver-delay/node_modules/@img/sharp-libvips-linux-x64': '/Users/ffujisaki/Dev/vancouver-delay/node_modules/@img/.sharp-libvips-linux-x64-QKOzgohm',
284 silly reify   '/Users/ffujisaki/Dev/vancouver-delay/node_modules/@img/sharp-libvips-linuxmusl-x64': '/Users/ffujisaki/Dev/vancouver-delay/node_modules/@img/.sharp-libvips-linuxmusl-x64-UTVerL7C',
284 silly reify   '/Users/ffujisaki/Dev/vancouver-delay/node_modules/@img/sharp-linux-arm': '/Users/ffujisaki/Dev/vancouver-delay/node_modules/@img/.sharp-linux-arm-AMnqZH0x',
284 silly reify   '/Users/ffujisaki/Dev/vancouver-delay/node_modules/@img/sharp-libvips-linuxmusl-arm64': '/Users/ffujisaki/Dev/vancouver-delay/node_modules/@img/.sharp-libvips-linuxmusl-arm64-69r9iWlY',
284 silly reify   '/Users/ffujisaki/Dev/vancouver-delay/node_modules/@img/sharp-linux-ppc64': '/Users/ffujisaki/Dev/vancouver-delay/node_modules/@img/.sharp-linux-ppc64-8VGFr7PC',
284 silly reify   '/Users/ffujisaki/Dev/vancouver-delay/node_modules/@img/sharp-linux-arm64': '/Users/ffujisaki/Dev/vancouver-delay/node_modules/@img/.sharp-linux-arm64-HckHYq4P',
284 silly reify   '/Users/ffujisaki/Dev/vancouver-delay/node_modules/@img/sharp-linux-s390x': '/Users/ffujisaki/Dev/vancouver-delay/node_modules/@img/.sharp-linux-s390x-PpyRARR3',
284 silly reify   '/Users/ffujisaki/Dev/vancouver-delay/node_modules/@img/sharp-linuxmusl-x64': '/Users/ffujisaki/Dev/vancouver-delay/node_modules/@img/.sharp-linuxmusl-x64-UtJTlzzD',
284 silly reify   '/Users/ffujisaki/Dev/vancouver-delay/node_modules/@img/sharp-linuxmusl-arm64': '/Users/ffujisaki/Dev/vancouver-delay/node_modules/@img/.sharp-linuxmusl-arm64-84wWyOMc',
284 silly reify   '/Users/ffujisaki/Dev/vancouver-delay/node_modules/@img/sharp-linux-x64': '/Users/ffujisaki/Dev/vancouver-delay/node_modules/@img/.sharp-linux-x64-3JDYz5hW',
284 silly reify   '/Users/ffujisaki/Dev/vancouver-delay/node_modules/@img/sharp-win32-arm64': '/Users/ffujisaki/Dev/vancouver-delay/node_modules/@img/.sharp-win32-arm64-8wALOj3k',
284 silly reify   '/Users/ffujisaki/Dev/vancouver-delay/node_modules/@img/sharp-win32-ia32': '/Users/ffujisaki/Dev/vancouver-delay/node_modules/@img/.sharp-win32-ia32-gxSCVyxi',
284 silly reify   '/Users/ffujisaki/Dev/vancouver-delay/node_modules/@img/sharp-win32-x64': '/Users/ffujisaki/Dev/vancouver-delay/node_modules/@img/.sharp-win32-x64-q4LI0GhS',
284 silly reify   '/Users/ffujisaki/Dev/vancouver-delay/node_modules/@img/sharp-wasm32': '/Users/ffujisaki/Dev/vancouver-delay/node_modules/@img/.sharp-wasm32-Jx1jZSmq',
284 silly reify   '/Users/ffujisaki/Dev/vancouver-delay/node_modules/@next/swc-linux-arm64-gnu': '/Users/ffujisaki/Dev/vancouver-delay/node_modules/@next/.swc-linux-arm64-gnu-OqChPhPa',
284 silly reify   '/Users/ffujisaki/Dev/vancouver-delay/node_modules/@next/swc-darwin-x64': '/Users/ffujisaki/Dev/vancouver-delay/node_modules/@next/.swc-darwin-x64-i1lOZKH4',
284 silly reify   '/Users/ffujisaki/Dev/vancouver-delay/node_modules/@next/swc-linux-x64-gnu': '/Users/ffujisaki/Dev/vancouver-delay/node_modules/@next/.swc-linux-x64-gnu-qYtqo4mm',
284 silly reify   '/Users/ffujisaki/Dev/vancouver-delay/node_modules/@next/swc-linux-arm64-musl': '/Users/ffujisaki/Dev/vancouver-delay/node_modules/@next/.swc-linux-arm64-musl-cfv4jBUW',
284 silly reify   '/Users/ffujisaki/Dev/vancouver-delay/node_modules/@next/swc-linux-x64-musl': '/Users/ffujisaki/Dev/vancouver-delay/node_modules/@next/.swc-linux-x64-musl-VCc1h91T',
284 silly reify   '/Users/ffujisaki/Dev/vancouver-delay/node_modules/@next/swc-win32-arm64-msvc': '/Users/ffujisaki/Dev/vancouver-delay/node_modules/@next/.swc-win32-arm64-msvc-GmbyiQ3e',
284 silly reify   '/Users/ffujisaki/Dev/vancouver-delay/node_modules/@next/swc-win32-x64-msvc': '/Users/ffujisaki/Dev/vancouver-delay/node_modules/@next/.swc-win32-x64-msvc-h5ZjTzXW',
284 silly reify   '/Users/ffujisaki/Dev/vancouver-delay/node_modules/@rollup/rollup-android-arm-eabi': '/Users/ffujisaki/Dev/vancouver-delay/node_modules/@rollup/.rollup-android-arm-eabi-SJPqsgim',
284 silly reify   '/Users/ffujisaki/Dev/vancouver-delay/node_modules/@rollup/rollup-android-arm64': '/Users/ffujisaki/Dev/vancouver-delay/node_modules/@rollup/.rollup-android-arm64-7sNGSAm2',
284 silly reify   '/Users/ffujisaki/Dev/vancouver-delay/node_modules/@rollup/rollup-darwin-x64': '/Users/ffujisaki/Dev/vancouver-delay/node_modules/@rollup/.rollup-darwin-x64-fExE7bMF',
284 silly reify   '/Users/ffujisaki/Dev/vancouver-delay/node_modules/@rollup/rollup-freebsd-arm64': '/Users/ffujisaki/Dev/vancouver-delay/node_modules/@rollup/.rollup-freebsd-arm64-eMaBnGLS',
284 silly reify   '/Users/ffujisaki/Dev/vancouver-delay/node_modules/@rollup/rollup-freebsd-x64': '/Users/ffujisaki/Dev/vancouver-delay/node_modules/@rollup/.rollup-freebsd-x64-pfnRWamU',
284 silly reify   '/Users/ffujisaki/Dev/vancouver-delay/node_modules/@rollup/rollup-linux-arm-gnueabihf': '/Users/ffujisaki/Dev/vancouver-delay/node_modules/@rollup/.rollup-linux-arm-gnueabihf-irY0SfEU',
284 silly reify   '/Users/ffujisaki/Dev/vancouver-delay/node_modules/@rollup/rollup-linux-arm-musleabihf': '/Users/ffujisaki/Dev/vancouver-delay/node_modules/@rollup/.rollup-linux-arm-musleabihf-2jMD18b4',
284 silly reify   '/Users/ffujisaki/Dev/vancouver-delay/node_modules/@rollup/rollup-linux-arm64-gnu': '/Users/ffujisaki/Dev/vancouver-delay/node_modules/@rollup/.rollup-linux-arm64-gnu-i76NGKt5',
284 silly reify   '/Users/ffujisaki/Dev/vancouver-delay/node_modules/@rollup/rollup-linux-riscv64-gnu': '/Users/ffujisaki/Dev/vancouver-delay/node_modules/@rollup/.rollup-linux-riscv64-gnu-49lJNhGO',
284 silly reify   '/Users/ffujisaki/Dev/vancouver-delay/node_modules/@rollup/rollup-linux-arm64-musl': '/Users/ffujisaki/Dev/vancouver-delay/node_modules/@rollup/.rollup-linux-arm64-musl-p4Rzdvgj',
284 silly reify   '/Users/ffujisaki/Dev/vancouver-delay/node_modules/@rollup/rollup-linux-ppc64-gnu': '/Users/ffujisaki/Dev/vancouver-delay/node_modules/@rollup/.rollup-linux-ppc64-gnu-hICX1bOc',
284 silly reify   '/Users/ffujisaki/Dev/vancouver-delay/node_modules/@rollup/rollup-linux-riscv64-musl': '/Users/ffujisaki/Dev/vancouver-delay/node_modules/@rollup/.rollup-linux-riscv64-musl-oCetX2Rb',
284 silly reify   '/Users/ffujisaki/Dev/vancouver-delay/node_modules/@rollup/rollup-linux-s390x-gnu': '/Users/ffujisaki/Dev/vancouver-delay/node_modules/@rollup/.rollup-linux-s390x-gnu-AxSic3Xx',
284 silly reify   '/Users/ffujisaki/Dev/vancouver-delay/node_modules/@rollup/rollup-linux-loong64-gnu': '/Users/ffujisaki/Dev/vancouver-delay/node_modules/@rollup/.rollup-linux-loong64-gnu-Cmw8HLE6',
284 silly reify   '/Users/ffujisaki/Dev/vancouver-delay/node_modules/@rollup/rollup-linux-x64-musl': '/Users/ffujisaki/Dev/vancouver-delay/node_modules/@rollup/.rollup-linux-x64-musl-8F1NWGSk',
284 silly reify   '/Users/ffujisaki/Dev/vancouver-delay/node_modules/@rollup/rollup-linux-x64-gnu': '/Users/ffujisaki/Dev/vancouver-delay/node_modules/@rollup/.rollup-linux-x64-gnu-n3NaJ8Bf',
284 silly reify   '/Users/ffujisaki/Dev/vancouver-delay/node_modules/@rollup/rollup-win32-ia32-msvc': '/Users/ffujisaki/Dev/vancouver-delay/node_modules/@rollup/.rollup-win32-ia32-msvc-TcV3EdPd',
284 silly reify   '/Users/ffujisaki/Dev/vancouver-delay/node_modules/@rollup/rollup-win32-arm64-msvc': '/Users/ffujisaki/Dev/vancouver-delay/node_modules/@rollup/.rollup-win32-arm64-msvc-yEwC7C3C',
284 silly reify   '/Users/ffujisaki/Dev/vancouver-delay/node_modules/@rollup/rollup-openharmony-arm64': '/Users/ffujisaki/Dev/vancouver-delay/node_modules/@rollup/.rollup-openharmony-arm64-5drcacHV',
284 silly reify   '/Users/ffujisaki/Dev/vancouver-delay/node_modules/@rollup/rollup-win32-x64-gnu': '/Users/ffujisaki/Dev/vancouver-delay/node_modules/@rollup/.rollup-win32-x64-gnu-NRbuqFRn',
284 silly reify   '/Users/ffujisaki/Dev/vancouver-delay/node_modules/@storybook/addon-docs': '/Users/ffujisaki/Dev/vancouver-delay/node_modules/@storybook/.addon-docs-X69sv6nD',
284 silly reify   '/Users/ffujisaki/Dev/vancouver-delay/node_modules/@storybook/addon-a11y': '/Users/ffujisaki/Dev/vancouver-delay/node_modules/@storybook/.addon-a11y-b1i7fv5v',
284 silly reify   '/Users/ffujisaki/Dev/vancouver-delay/node_modules/@storybook/addon-onboarding': '/Users/ffujisaki/Dev/vancouver-delay/node_modules/@storybook/.addon-onboarding-Zq4bLDOF',
284 silly reify   '/Users/ffujisaki/Dev/vancouver-delay/node_modules/@storybook/builder-vite': '/Users/ffujisaki/Dev/vancouver-delay/node_modules/@storybook/.builder-vite-KVMWQXBc',
284 silly reify   '/Users/ffujisaki/Dev/vancouver-delay/node_modules/@storybook/addon-vitest': '/Users/ffujisaki/Dev/vancouver-delay/node_modules/@storybook/.addon-vitest-yvomMxqE',
284 silly reify   '/Users/ffujisaki/Dev/vancouver-delay/node_modules/@storybook/builder-webpack5': '/Users/ffujisaki/Dev/vancouver-delay/node_modules/@storybook/.builder-webpack5-tKuatHHK',
284 silly reify   '/Users/ffujisaki/Dev/vancouver-delay/node_modules/@storybook/nextjs': '/Users/ffujisaki/Dev/vancouver-delay/node_modules/@storybook/.nextjs-OIVBPQ3Z',
284 silly reify   '/Users/ffujisaki/Dev/vancouver-delay/node_modules/@storybook/icons': '/Users/ffujisaki/Dev/vancouver-delay/node_modules/@storybook/.icons-XofGuPMP',
284 silly reify   '/Users/ffujisaki/Dev/vancouver-delay/node_modules/@storybook/nextjs-vite': '/Users/ffujisaki/Dev/vancouver-delay/node_modules/@storybook/.nextjs-vite-0UAzjLpI',
284 silly reify   '/Users/ffujisaki/Dev/vancouver-delay/node_modules/@rollup/rollup-win32-x64-msvc': '/Users/ffujisaki/Dev/vancouver-delay/node_modules/@rollup/.rollup-win32-x64-msvc-8RMtAYr3',
284 silly reify   '/Users/ffujisaki/Dev/vancouver-delay/node_modules/@storybook/react': '/Users/ffujisaki/Dev/vancouver-delay/node_modules/@storybook/.react-A5N9aYvd',
284 silly reify   '/Users/ffujisaki/Dev/vancouver-delay/node_modules/@tailwindcss/oxide-android-arm64': '/Users/ffujisaki/Dev/vancouver-delay/node_modules/@tailwindcss/.oxide-android-arm64-cyimrQm6',
284 silly reify   '/Users/ffujisaki/Dev/vancouver-delay/node_modules/@tailwindcss/oxide-darwin-x64': '/Users/ffujisaki/Dev/vancouver-delay/node_modules/@tailwindcss/.oxide-darwin-x64-2902Yk3D',
284 silly reify   '/Users/ffujisaki/Dev/vancouver-delay/node_modules/@tailwindcss/oxide-freebsd-x64': '/Users/ffujisaki/Dev/vancouver-delay/node_modules/@tailwindcss/.oxide-freebsd-x64-gppT0QNP',
284 silly reify   '/Users/ffujisaki/Dev/vancouver-delay/node_modules/@tailwindcss/oxide-linux-arm-gnueabihf': '/Users/ffujisaki/Dev/vancouver-delay/node_modules/@tailwindcss/.oxide-linux-arm-gnueabihf-hI9UnbOj',
284 silly reify   '/Users/ffujisaki/Dev/vancouver-delay/node_modules/@tailwindcss/oxide-linux-arm64-gnu': '/Users/ffujisaki/Dev/vancouver-delay/node_modules/@tailwindcss/.oxide-linux-arm64-gnu-W1X76CWR',
284 silly reify   '/Users/ffujisaki/Dev/vancouver-delay/node_modules/@tailwindcss/oxide-linux-arm64-musl': '/Users/ffujisaki/Dev/vancouver-delay/node_modules/@tailwindcss/.oxide-linux-arm64-musl-QAU5iWYT',
284 silly reify   '/Users/ffujisaki/Dev/vancouver-delay/node_modules/@tailwindcss/oxide-linux-x64-gnu': '/Users/ffujisaki/Dev/vancouver-delay/node_modules/@tailwindcss/.oxide-linux-x64-gnu-jIFzVC0V',
284 silly reify   '/Users/ffujisaki/Dev/vancouver-delay/node_modules/@tailwindcss/oxide-linux-x64-musl': '/Users/ffujisaki/Dev/vancouver-delay/node_modules/@tailwindcss/.oxide-linux-x64-musl-4mEosxsN',
284 silly reify   '/Users/ffujisaki/Dev/vancouver-delay/node_modules/@tailwindcss/oxide-wasm32-wasi': '/Users/ffujisaki/Dev/vancouver-delay/node_modules/@tailwindcss/.oxide-wasm32-wasi-SQm3P3pA',
284 silly reify   '/Users/ffujisaki/Dev/vancouver-delay/node_modules/@tailwindcss/oxide-win32-arm64-msvc': '/Users/ffujisaki/Dev/vancouver-delay/node_modules/@tailwindcss/.oxide-win32-arm64-msvc-skEFQJ90',
284 silly reify   '/Users/ffujisaki/Dev/vancouver-delay/node_modules/@tailwindcss/oxide-win32-x64-msvc': '/Users/ffujisaki/Dev/vancouver-delay/node_modules/@tailwindcss/.oxide-win32-x64-msvc-EcwVa4QG',
284 silly reify   '/Users/ffujisaki/Dev/vancouver-delay/node_modules/@testing-library/dom': '/Users/ffujisaki/Dev/vancouver-delay/node_modules/@testing-library/.dom-T52LHlZo',
284 silly reify   '/Users/ffujisaki/Dev/vancouver-delay/node_modules/@testing-library/user-event': '/Users/ffujisaki/Dev/vancouver-delay/node_modules/@testing-library/.user-event-oEF37ZWq',
284 silly reify   '/Users/ffujisaki/Dev/vancouver-delay/node_modules/@vitest/browser': '/Users/ffujisaki/Dev/vancouver-delay/node_modules/@vitest/.browser-iUevHqz6',
284 silly reify   '/Users/ffujisaki/Dev/vancouver-delay/node_modules/@vitest/mocker': '/Users/ffujisaki/Dev/vancouver-delay/node_modules/@vitest/.mocker-VHqtIN8z',
284 silly reify   '/Users/ffujisaki/Dev/vancouver-delay/node_modules/@webassemblyjs/ast': '/Users/ffujisaki/Dev/vancouver-delay/node_modules/@webassemblyjs/.ast-663rjpcV',
284 silly reify   '/Users/ffujisaki/Dev/vancouver-delay/node_modules/@webassemblyjs/wasm-parser': '/Users/ffujisaki/Dev/vancouver-delay/node_modules/@webassemblyjs/.wasm-parser-fDrnQHzp',
284 silly reify   '/Users/ffujisaki/Dev/vancouver-delay/node_modules/adjust-sourcemap-loader/node_modules/loader-utils': '/Users/ffujisaki/Dev/vancouver-delay/node_modules/adjust-sourcemap-loader/node_modules/.loader-utils-4pxQtERB',
284 silly reify   '/Users/ffujisaki/Dev/vancouver-delay/node_modules/ansi-html-community': '/Users/ffujisaki/Dev/vancouver-delay/node_modules/.ansi-html-community-qC2PNCtT',
284 silly reify   '/Users/ffujisaki/Dev/vancouver-delay/node_modules/.bin/ansi-html': '/Users/ffujisaki/Dev/vancouver-delay/node_modules/.bin/.ansi-html-ofUmqcMe',
284 silly reify   '/Users/ffujisaki/Dev/vancouver-delay/node_modules/ansi-html': '/Users/ffujisaki/Dev/vancouver-delay/node_modules/.ansi-html-ZUq5QxZt',
284 silly reify   '/Users/ffujisaki/Dev/vancouver-delay/node_modules/babel-plugin-polyfill-corejs2/node_modules/semver': '/Users/ffujisaki/Dev/vancouver-delay/node_modules/babel-plugin-polyfill-corejs2/node_modules/.semver-XlI3Vfp7',
284 silly reify   '/Users/ffujisaki/Dev/vancouver-delay/node_modules/babel-plugin-polyfill-corejs2/node_modules/.bin/semver': '/Users/ffujisaki/Dev/vancouver-delay/node_modules/babel-plugin-polyfill-corejs2/node_modules/.bin/.semver-Po7MIsu2',
284 silly reify   '/Users/ffujisaki/Dev/vancouver-delay/node_modules/browserify-sign/node_modules/readable-stream': '/Users/ffujisaki/Dev/vancouver-delay/node_modules/browserify-sign/node_modules/.readable-stream-6jCsLCt0',
284 silly reify   '/Users/ffujisaki/Dev/vancouver-delay/node_modules/browserslist': '/Users/ffujisaki/Dev/vancouver-delay/node_modules/.browserslist-zhNX6kF1',
284 silly reify   '/Users/ffujisaki/Dev/vancouver-delay/node_modules/.bin/browserslist': '/Users/ffujisaki/Dev/vancouver-delay/node_modules/.bin/.browserslist-pfjDPsGT',
284 silly reify   '/Users/ffujisaki/Dev/vancouver-delay/node_modules/cosmiconfig/node_modules/yaml': '/Users/ffujisaki/Dev/vancouver-delay/node_modules/cosmiconfig/node_modules/.yaml-qqCEkYVS',
284 silly reify   '/Users/ffujisaki/Dev/vancouver-delay/node_modules/cssesc': '/Users/ffujisaki/Dev/vancouver-delay/node_modules/.cssesc-KB3DkmV9',
284 silly reify   '/Users/ffujisaki/Dev/vancouver-delay/node_modules/.bin/cssesc': '/Users/ffujisaki/Dev/vancouver-delay/node_modules/.bin/.cssesc-UYzckdYo',
284 silly reify   '/Users/ffujisaki/Dev/vancouver-delay/node_modules/esbuild-register': '/Users/ffujisaki/Dev/vancouver-delay/node_modules/.esbuild-register-sNpOvnSq',
284 silly reify   '/Users/ffujisaki/Dev/vancouver-delay/node_modules/esbuild': '/Users/ffujisaki/Dev/vancouver-delay/node_modules/.esbuild-tmszZ3KY',
284 silly reify   '/Users/ffujisaki/Dev/vancouver-delay/node_modules/.bin/esbuild': '/Users/ffujisaki/Dev/vancouver-delay/node_modules/.bin/.esbuild-SbXxctLm',
284 silly reify   '/Users/ffujisaki/Dev/vancouver-delay/node_modules/esprima': '/Users/ffujisaki/Dev/vancouver-delay/node_modules/.esprima-ddHCEPNM',
284 silly reify   '/Users/ffujisaki/Dev/vancouver-delay/node_modules/.bin/esparse': '/Users/ffujisaki/Dev/vancouver-delay/node_modules/.bin/.esparse-eNi0FGwp',
284 silly reify   '/Users/ffujisaki/Dev/vancouver-delay/node_modules/.bin/esvalidate': '/Users/ffujisaki/Dev/vancouver-delay/node_modules/.bin/.esvalidate-V1C3mFeD',
284 silly reify   '/Users/ffujisaki/Dev/vancouver-delay/node_modules/foreground-child': '/Users/ffujisaki/Dev/vancouver-delay/node_modules/.foreground-child-cquwN9DU',
284 silly reify   '/Users/ffujisaki/Dev/vancouver-delay/node_modules/he': '/Users/ffujisaki/Dev/vancouver-delay/node_modules/.he-A6VYfHZP',
284 silly reify   '/Users/ffujisaki/Dev/vancouver-delay/node_modules/.bin/he': '/Users/ffujisaki/Dev/vancouver-delay/node_modules/.bin/.he-wVD4rIsB',
284 silly reify   '/Users/ffujisaki/Dev/vancouver-delay/node_modules/html-minifier-terser': '/Users/ffujisaki/Dev/vancouver-delay/node_modules/.html-minifier-terser-Uu4LlZ5F',
284 silly reify   '/Users/ffujisaki/Dev/vancouver-delay/node_modules/.bin/html-minifier-terser': '/Users/ffujisaki/Dev/vancouver-delay/node_modules/.bin/.html-minifier-terser-ldJJbvIU',
284 silly reify   '/Users/ffujisaki/Dev/vancouver-delay/node_modules/is-docker': '/Users/ffujisaki/Dev/vancouver-delay/node_modules/.is-docker-nI2DGseR',
284 silly reify   '/Users/ffujisaki/Dev/vancouver-delay/node_modules/.bin/is-docker': '/Users/ffujisaki/Dev/vancouver-delay/node_modules/.bin/.is-docker-YxsvvgC7',
284 silly reify   '/Users/ffujisaki/Dev/vancouver-delay/node_modules/jsesc': '/Users/ffujisaki/Dev/vancouver-delay/node_modules/.jsesc-MBWqyPgl',
284 silly reify   '/Users/ffujisaki/Dev/vancouver-delay/node_modules/.bin/jsesc': '/Users/ffujisaki/Dev/vancouver-delay/node_modules/.bin/.jsesc-YQFzHXpb',
284 silly reify   '/Users/ffujisaki/Dev/vancouver-delay/node_modules/make-dir/node_modules/semver': '/Users/ffujisaki/Dev/vancouver-delay/node_modules/make-dir/node_modules/.semver-6LLVzW3l',
284 silly reify   '/Users/ffujisaki/Dev/vancouver-delay/node_modules/make-dir/node_modules/.bin/semver': '/Users/ffujisaki/Dev/vancouver-delay/node_modules/make-dir/node_modules/.bin/.semver-HFqgJQyp',
284 silly reify   '/Users/ffujisaki/Dev/vancouver-delay/node_modules/miller-rabin': '/Users/ffujisaki/Dev/vancouver-delay/node_modules/.miller-rabin-XSQLRzRh',
284 silly reify   '/Users/ffujisaki/Dev/vancouver-delay/node_modules/.bin/miller-rabin': '/Users/ffujisaki/Dev/vancouver-delay/node_modules/.bin/.miller-rabin-eYHXqEq5',
284 silly reify   '/Users/ffujisaki/Dev/vancouver-delay/node_modules/path-scurry/node_modules/lru-cache': '/Users/ffujisaki/Dev/vancouver-delay/node_modules/path-scurry/node_modules/.lru-cache-uB95DMEH',
284 silly reify   '/Users/ffujisaki/Dev/vancouver-delay/node_modules/postcss-loader/node_modules/cosmiconfig': '/Users/ffujisaki/Dev/vancouver-delay/node_modules/postcss-loader/node_modules/.cosmiconfig-iMNwht2L',
284 silly reify   '/Users/ffujisaki/Dev/vancouver-delay/node_modules/regjsparser': '/Users/ffujisaki/Dev/vancouver-delay/node_modules/.regjsparser-txY5hNrh',
284 silly reify   '/Users/ffujisaki/Dev/vancouver-delay/node_modules/.bin/regjsparser': '/Users/ffujisaki/Dev/vancouver-delay/node_modules/.bin/.regjsparser-wUILMR9r',
284 silly reify   '/Users/ffujisaki/Dev/vancouver-delay/node_modules/resolve-url-loader/node_modules/loader-utils': '/Users/ffujisaki/Dev/vancouver-delay/node_modules/resolve-url-loader/node_modules/.loader-utils-pIucPFtT',
284 silly reify   '/Users/ffujisaki/Dev/vancouver-delay/node_modules/ripemd160/node_modules/readable-stream': '/Users/ffujisaki/Dev/vancouver-delay/node_modules/ripemd160/node_modules/.readable-stream-DZc8A4ok',
284 silly reify   '/Users/ffujisaki/Dev/vancouver-delay/node_modules/rimraf': '/Users/ffujisaki/Dev/vancouver-delay/node_modules/.rimraf-7TLlwW1x',
284 silly reify   '/Users/ffujisaki/Dev/vancouver-delay/node_modules/.bin/rimraf': '/Users/ffujisaki/Dev/vancouver-delay/node_modules/.bin/.rimraf-aDdKFW1J',
284 silly reify   '/Users/ffujisaki/Dev/vancouver-delay/node_modules/sha.js': '/Users/ffujisaki/Dev/vancouver-delay/node_modules/.sha.js-80HZslHC',
284 silly reify   '/Users/ffujisaki/Dev/vancouver-delay/node_modules/.bin/sha.js': '/Users/ffujisaki/Dev/vancouver-delay/node_modules/.bin/.sha.js-8qsrQP6o',
284 silly reify   '/Users/ffujisaki/Dev/vancouver-delay/node_modules/stream-browserify/node_modules/readable-stream': '/Users/ffujisaki/Dev/vancouver-delay/node_modules/stream-browserify/node_modules/.readable-stream-72rv9U9j',
284 silly reify   '/Users/ffujisaki/Dev/vancouver-delay/node_modules/stream-http/node_modules/readable-stream': '/Users/ffujisaki/Dev/vancouver-delay/node_modules/stream-http/node_modules/.readable-stream-Kr1eUCnt',
284 silly reify   '/Users/ffujisaki/Dev/vancouver-delay/node_modules/test-exclude/node_modules/glob': '/Users/ffujisaki/Dev/vancouver-delay/node_modules/test-exclude/node_modules/.glob-BmmKDQ3V',
284 silly reify   '/Users/ffujisaki/Dev/vancouver-delay/node_modules/test-exclude/node_modules/minimatch': '/Users/ffujisaki/Dev/vancouver-delay/node_modules/test-exclude/node_modules/.minimatch-SSdr320M',
284 silly reify   '/Users/ffujisaki/Dev/vancouver-delay/node_modules/tsconfck': '/Users/ffujisaki/Dev/vancouver-delay/node_modules/.tsconfck-KjMAocNe',
284 silly reify   '/Users/ffujisaki/Dev/vancouver-delay/node_modules/.bin/tsconfck': '/Users/ffujisaki/Dev/vancouver-delay/node_modules/.bin/.tsconfck-ZUcQFPoy',
284 silly reify   '/Users/ffujisaki/Dev/vancouver-delay/node_modules/why-is-node-running': '/Users/ffujisaki/Dev/vancouver-delay/node_modules/.why-is-node-running-JnpAhD4k',
284 silly reify   '/Users/ffujisaki/Dev/vancouver-delay/node_modules/.bin/why-is-node-running': '/Users/ffujisaki/Dev/vancouver-delay/node_modules/.bin/.why-is-node-running-FZ0XXeK2',
284 silly reify   '/Users/ffujisaki/Dev/vancouver-delay/node_modules/@babel/compat-data': '/Users/ffujisaki/Dev/vancouver-delay/node_modules/@babel/.compat-data-8EKj8dOM',
284 silly reify   '/Users/ffujisaki/Dev/vancouver-delay/node_modules/@babel/helper-create-regexp-features-plugin/node_modules/semver': '/Users/ffujisaki/Dev/vancouver-delay/node_modules/@babel/helper-create-regexp-features-plugin/node_modules/.semver-JlJrQpAs',
284 silly reify   '/Users/ffujisaki/Dev/vancouver-delay/node_modules/@babel/helper-create-regexp-features-plugin/node_modules/.bin/semver': '/Users/ffujisaki/Dev/vancouver-delay/node_modules/@babel/helper-create-regexp-features-plugin/node_modules/.bin/.semver-THslr19w',
284 silly reify   '/Users/ffujisaki/Dev/vancouver-delay/node_modules/@joshwooding/vite-plugin-react-docgen-typescript/node_modules/minimatch': '/Users/ffujisaki/Dev/vancouver-delay/node_modules/@joshwooding/vite-plugin-react-docgen-typescript/node_modules/.minimatch-rdali2s5',
284 silly reify   '/Users/ffujisaki/Dev/vancouver-delay/node_modules/@joshwooding/vite-plugin-react-docgen-typescript/node_modules/glob': '/Users/ffujisaki/Dev/vancouver-delay/node_modules/@joshwooding/vite-plugin-react-docgen-typescript/node_modules/.glob-Vxj4uqxN',
284 silly reify   '/Users/ffujisaki/Dev/vancouver-delay/node_modules/@rollup/pluginutils': '/Users/ffujisaki/Dev/vancouver-delay/node_modules/@rollup/.pluginutils-WrSXLphd',
284 silly reify   '/Users/ffujisaki/Dev/vancouver-delay/node_modules/@pmmmwh/react-refresh-webpack-plugin/node_modules/loader-utils': '/Users/ffujisaki/Dev/vancouver-delay/node_modules/@pmmmwh/react-refresh-webpack-plugin/node_modules/.loader-utils-JQn1XTFP',
284 silly reify   '/Users/ffujisaki/Dev/vancouver-delay/node_modules/@storybook/react-vite/node_modules/react-docgen': '/Users/ffujisaki/Dev/vancouver-delay/node_modules/@storybook/react-vite/node_modules/.react-docgen-wRyX8zqH',
284 silly reify   '/Users/ffujisaki/Dev/vancouver-delay/node_modules/@testing-library/jest-dom/node_modules/dom-accessibility-api': '/Users/ffujisaki/Dev/vancouver-delay/node_modules/@testing-library/jest-dom/node_modules/.dom-accessibility-api-cpjcjE7L',
284 silly reify   '/Users/ffujisaki/Dev/vancouver-delay/node_modules/@vitest/utils': '/Users/ffujisaki/Dev/vancouver-delay/node_modules/@vitest/.utils-s3FU0jwP'
284 silly reify }
285 timing reify:rollback:retireShallow Completed in 20ms
286 timing command:install Completed in 491ms
287 verbose stack Error: ENOTEMPTY: directory not empty, rename '/Users/ffujisaki/Dev/vancouver-delay/node_modules/ajv' -> '/Users/ffujisaki/Dev/vancouver-delay/node_modules/.ajv-6SzxbB0i'
288 verbose cwd /Users/ffujisaki/Dev/vancouver-delay
289 verbose Darwin 24.6.0
290 verbose node v20.6.0
291 verbose npm  v9.8.1
292 error code ENOTEMPTY
293 error syscall rename
294 error path /Users/ffujisaki/Dev/vancouver-delay/node_modules/ajv
295 error dest /Users/ffujisaki/Dev/vancouver-delay/node_modules/.ajv-6SzxbB0i
296 error errno -66
297 error ENOTEMPTY: directory not empty, rename '/Users/ffujisaki/Dev/vancouver-delay/node_modules/ajv' -> '/Users/ffujisaki/Dev/vancouver-delay/node_modules/.ajv-6SzxbB0i'
298 verbose exit -66
299 timing npm Completed in 639ms
300 verbose unfinished npm timer reify 1761853755254
301 verbose unfinished npm timer reify:retireShallow 1761853755694
302 verbose code -66
303 error A complete log of this run can be found in: /Users/ffujisaki/Dev/vancouver-delay/.npm-cache/_logs/2025-10-30T19_49_15_105Z-debug-0.log
